Archive member included because of file (symbol)

c:/program files (x86)/atmel/atmel toolchain/avr8 gcc/native/3.4.1061/avr8-gnu-toolchain/bin/../lib/gcc/avr/4.8.1/avr51\libgcc.a(_divmodhi4.o)
                              uMc.o (__divmodhi4)
c:/program files (x86)/atmel/atmel toolchain/avr8 gcc/native/3.4.1061/avr8-gnu-toolchain/bin/../lib/gcc/avr/4.8.1/avr51\libgcc.a(_udivmodsi4.o)
                              uMc.o (__udivmodsi4)
c:/program files (x86)/atmel/atmel toolchain/avr8 gcc/native/3.4.1061/avr8-gnu-toolchain/bin/../lib/gcc/avr/4.8.1/avr51\libgcc.a(_exit.o)
                              c:/program files (x86)/atmel/atmel toolchain/avr8 gcc/native/3.4.1061/avr8-gnu-toolchain/bin/../lib/gcc/avr/4.8.1/../../../../avr/lib/avr51/crtusb1287.o (exit)
c:/program files (x86)/atmel/atmel toolchain/avr8 gcc/native/3.4.1061/avr8-gnu-toolchain/bin/../lib/gcc/avr/4.8.1/avr51\libgcc.a(_copy_data.o)
                              src/LUFA/LUFA/Drivers/USB/Class/Device/CDCClassDevice.o (__do_copy_data)
c:/program files (x86)/atmel/atmel toolchain/avr8 gcc/native/3.4.1061/avr8-gnu-toolchain/bin/../lib/gcc/avr/4.8.1/avr51\libgcc.a(_clear_bss.o)
                              src/PETE/LEGAL/maqVirtual.o (__do_clear_bss)
c:/program files (x86)/atmel/atmel toolchain/avr8 gcc/native/3.4.1061/avr8-gnu-toolchain/bin/../lib/gcc/avr/4.8.1/avr51\libgcc.a(_umulhisi3.o)
                              src/PETE/uMc/USART.o (__umulhisi3)
c:/program files (x86)/atmel/atmel toolchain/avr8 gcc/native/3.4.1061/avr8-gnu-toolchain/bin/../lib/gcc/avr/4.8.1/avr51\libgcc.a(_udivmodhi4.o)
                              c:/program files (x86)/atmel/atmel toolchain/avr8 gcc/native/3.4.1061/avr8-gnu-toolchain/bin/../lib/gcc/avr/4.8.1/avr51\libgcc.a(_divmodhi4.o) (__udivmodhi4)
c:/program files (x86)/atmel/atmel toolchain/avr8 gcc/native/3.4.1061/avr8-gnu-toolchain/bin/../lib/gcc/avr/4.8.1/../../../../avr/lib/avr51\libc.a(memcpy_P.o)
                              src/LUFA/LUFA/Drivers/USB/Class/Device/RNDISClassDevice.o (memcpy_P)
c:/program files (x86)/atmel/atmel toolchain/avr8 gcc/native/3.4.1061/avr8-gnu-toolchain/bin/../lib/gcc/avr/4.8.1/../../../../avr/lib/avr51\libc.a(memcmp.o)
                              src/LUFA/LUFA/Drivers/USB/Class/Device/HIDClassDevice.o (memcmp)
c:/program files (x86)/atmel/atmel toolchain/avr8 gcc/native/3.4.1061/avr8-gnu-toolchain/bin/../lib/gcc/avr/4.8.1/../../../../avr/lib/avr51\libc.a(memcpy.o)
                              src/LUFA/LUFA/Drivers/USB/Class/Device/HIDClassDevice.o (memcpy)
c:/program files (x86)/atmel/atmel toolchain/avr8 gcc/native/3.4.1061/avr8-gnu-toolchain/bin/../lib/gcc/avr/4.8.1/../../../../avr/lib/avr51\libc.a(memset.o)
                              src/LUFA/LUFA/Drivers/USB/Class/Device/HIDClassDevice.o (memset)
c:/program files (x86)/atmel/atmel toolchain/avr8 gcc/native/3.4.1061/avr8-gnu-toolchain/bin/../lib/gcc/avr/4.8.1/../../../../avr/lib/avr51\libc.a(strcmp.o)
                              uMc.o (strcmp)
c:/program files (x86)/atmel/atmel toolchain/avr8 gcc/native/3.4.1061/avr8-gnu-toolchain/bin/../lib/gcc/avr/4.8.1/../../../../avr/lib/avr51\libc.a(iob.o)
                              src/LUFA/LUFA/Drivers/Peripheral/AVR8/Serial_AVR8.o (__iob)
c:/program files (x86)/atmel/atmel toolchain/avr8 gcc/native/3.4.1061/avr8-gnu-toolchain/bin/../lib/gcc/avr/4.8.1/../../../../avr/lib/avr51\libc.a(eerd_byte_at90usb1287.o)
                              src/LUFA/LUFA/Drivers/USB/Core/AVR8/EndpointStream_AVR8.o (__eerd_byte_usb1287)
c:/program files (x86)/atmel/atmel toolchain/avr8 gcc/native/3.4.1061/avr8-gnu-toolchain/bin/../lib/gcc/avr/4.8.1/../../../../avr/lib/avr51\libc.a(eeupd_byte_at90usb1287.o)
                              src/LUFA/LUFA/Drivers/USB/Core/AVR8/EndpointStream_AVR8.o (__eeupd_byte_usb1287)

Allocating common symbols
Common symbol       size              file

baterias            0x1               uMc.o
USB_IsInitialized   0x1               src/LUFA/LUFA/Drivers/USB/Core/USBTask.o
registradores       0x1fe             src/PETE/LEGAL/maqVirtual.o
USB_Device_ConfigurationNumber
                    0x1               src/LUFA/LUFA/Drivers/USB/Core/DeviceStandardReq.o
USB_Device_CurrentlySelfPowered
                    0x1               src/LUFA/LUFA/Drivers/USB/Core/DeviceStandardReq.o
USARTSerialStream   0xe               src/LUFA/LUFA/Drivers/Peripheral/AVR8/Serial_AVR8.o
USB_ControlRequest  0x8               src/LUFA/LUFA/Drivers/USB/Core/USBTask.o
USB_Device_RemoteWakeupEnabled
                    0x1               src/LUFA/LUFA/Drivers/USB/Core/DeviceStandardReq.o
palavraRecebida     0x14              uMc.o
__iob               0x6               c:/program files (x86)/atmel/atmel toolchain/avr8 gcc/native/3.4.1061/avr8-gnu-toolchain/bin/../lib/gcc/avr/4.8.1/../../../../avr/lib/avr51\libc.a(iob.o)

Discarded input sections

[...]
Memory Configuration

Name             Origin             Length             Attributes
text             0x00000000         0x00020000         xr
data             0x00800100         0x0000ff00         rw !x
eeprom           0x00810000         0x00010000         rw !x
fuse             0x00820000         0x00000400         rw !x
lock             0x00830000         0x00000400         rw !x
signature        0x00840000         0x00000400         rw !x
user_signatures  0x00850000         0x00000400         rw !x
*default*        0x00000000         0xffffffff

Linker script and memory map

Address of section .data set to 0x800100
LOAD c:/program files (x86)/atmel/atmel toolchain/avr8 gcc/native/3.4.1061/avr8-gnu-toolchain/bin/../lib/gcc/avr/4.8.1/../../../../avr/lib/avr51/crtusb1287.o
LOAD Descriptors.o
LOAD src/PETE/LEGAL/comandosAtuadores.o
LOAD src/PETE/LEGAL/configuracaoLEGAL.o
LOAD src/PETE/LEGAL/divercosLEGAL.o
LOAD src/PETE/LEGAL/maqVirtual.o
LOAD src/PETE/uMc/AD.o
LOAD src/PETE/uMc/digitalIO.o
LOAD src/PETE/uMc/Misc.o
LOAD src/PETE/uMc/motoresDc.o
LOAD src/PETE/uMc/servo.o
LOAD src/PETE/uMc/som.o
LOAD src/PETE/uMc/USART.o
LOAD src/LUFA/LUFA/Drivers/Peripheral/AVR8/Serial_AVR8.o
LOAD src/LUFA/LUFA/Drivers/USB/Class/Common/HIDParser.o
LOAD src/LUFA/LUFA/Drivers/USB/Class/Device/AudioClassDevice.o
LOAD src/LUFA/LUFA/Drivers/USB/Class/Device/CDCClassDevice.o
LOAD src/LUFA/LUFA/Drivers/USB/Class/Device/HIDClassDevice.o
LOAD src/LUFA/LUFA/Drivers/USB/Class/Device/MassStorageClassDevice.o
LOAD src/LUFA/LUFA/Drivers/USB/Class/Device/MIDIClassDevice.o
LOAD src/LUFA/LUFA/Drivers/USB/Class/Device/PrinterClassDevice.o
LOAD src/LUFA/LUFA/Drivers/USB/Class/Device/RNDISClassDevice.o
LOAD src/LUFA/LUFA/Drivers/USB/Class/Host/AndroidAccessoryClassHost.o
LOAD src/LUFA/LUFA/Drivers/USB/Class/Host/AudioClassHost.o
LOAD src/LUFA/LUFA/Drivers/USB/Class/Host/CDCClassHost.o
LOAD src/LUFA/LUFA/Drivers/USB/Class/Host/HIDClassHost.o
LOAD src/LUFA/LUFA/Drivers/USB/Class/Host/MassStorageClassHost.o
LOAD src/LUFA/LUFA/Drivers/USB/Class/Host/MIDIClassHost.o
LOAD src/LUFA/LUFA/Drivers/USB/Class/Host/PrinterClassHost.o
LOAD src/LUFA/LUFA/Drivers/USB/Class/Host/RNDISClassHost.o
LOAD src/LUFA/LUFA/Drivers/USB/Class/Host/StillImageClassHost.o
LOAD src/LUFA/LUFA/Drivers/USB/Core/AVR8/Device_AVR8.o
LOAD src/LUFA/LUFA/Drivers/USB/Core/AVR8/EndpointStream_AVR8.o
LOAD src/LUFA/LUFA/Drivers/USB/Core/AVR8/Endpoint_AVR8.o
LOAD src/LUFA/LUFA/Drivers/USB/Core/AVR8/Host_AVR8.o
LOAD src/LUFA/LUFA/Drivers/USB/Core/AVR8/PipeStream_AVR8.o
LOAD src/LUFA/LUFA/Drivers/USB/Core/AVR8/Pipe_AVR8.o
LOAD src/LUFA/LUFA/Drivers/USB/Core/AVR8/Template/Template_Endpoint_Control_R.o
LOAD src/LUFA/LUFA/Drivers/USB/Core/AVR8/Template/Template_Endpoint_Control_W.o
LOAD src/LUFA/LUFA/Drivers/USB/Core/AVR8/Template/Template_Endpoint_RW.o
LOAD src/LUFA/LUFA/Drivers/USB/Core/AVR8/Template/Template_Pipe_RW.o
LOAD src/LUFA/LUFA/Drivers/USB/Core/AVR8/USBController_AVR8.o
LOAD src/LUFA/LUFA/Drivers/USB/Core/AVR8/USBInterrupt_AVR8.o
LOAD src/LUFA/LUFA/Drivers/USB/Core/ConfigDescriptors.o
LOAD src/LUFA/LUFA/Drivers/USB/Core/DeviceStandardReq.o
LOAD src/LUFA/LUFA/Drivers/USB/Core/Events.o
LOAD src/LUFA/LUFA/Drivers/USB/Core/HostStandardReq.o
LOAD src/LUFA/LUFA/Drivers/USB/Core/USBTask.o
LOAD uMc.o
START GROUP
LOAD c:/program files (x86)/atmel/atmel toolchain/avr8 gcc/native/3.4.1061/avr8-gnu-toolchain/bin/../lib/gcc/avr/4.8.1/../../../../avr/lib/avr51\libm.a
END GROUP
START GROUP
LOAD c:/program files (x86)/atmel/atmel toolchain/avr8 gcc/native/3.4.1061/avr8-gnu-toolchain/bin/../lib/gcc/avr/4.8.1/avr51\libgcc.a
LOAD c:/program files (x86)/atmel/atmel toolchain/avr8 gcc/native/3.4.1061/avr8-gnu-toolchain/bin/../lib/gcc/avr/4.8.1/../../../../avr/lib/avr51\libm.a
LOAD c:/program files (x86)/atmel/atmel toolchain/avr8 gcc/native/3.4.1061/avr8-gnu-toolchain/bin/../lib/gcc/avr/4.8.1/../../../../avr/lib/avr51\libc.a
END GROUP

.hash
 *(.hash)

.dynsym
 *(.dynsym)

.dynstr
 *(.dynstr)

.gnu.version
 *(.gnu.version)

.gnu.version_d
 *(.gnu.version_d)

.gnu.version_r
 *(.gnu.version_r)

.rel.init
 *(.rel.init)

.rela.init
 *(.rela.init)

.rel.text
 *(.rel.text)
 *(.rel.text.*)
 *(.rel.gnu.linkonce.t*)

.rela.text
 *(.rela.text)
 *(.rela.text.*)
 *(.rela.gnu.linkonce.t*)

.rel.fini
 *(.rel.fini)

.rela.fini
 *(.rela.fini)

.rel.rodata
 *(.rel.rodata)
 *(.rel.rodata.*)
 *(.rel.gnu.linkonce.r*)

.rela.rodata
 *(.rela.rodata)
 *(.rela.rodata.*)
 *(.rela.gnu.linkonce.r*)

.rel.data
 *(.rel.data)
 *(.rel.data.*)
 *(.rel.gnu.linkonce.d*)

.rela.data
 *(.rela.data)
 *(.rela.data.*)
 *(.rela.gnu.linkonce.d*)

.rel.ctors
 *(.rel.ctors)

.rela.ctors
 *(.rela.ctors)

.rel.dtors
 *(.rel.dtors)

.rela.dtors
 *(.rela.dtors)

.rel.got
 *(.rel.got)

.rela.got
 *(.rela.got)

.rel.bss
 *(.rel.bss)

.rela.bss
 *(.rela.bss)

.rel.plt
 *(.rel.plt)

.rela.plt
 *(.rela.plt)

.text           0x00000000     0x2666
 *(.vectors)
 .vectors       0x00000000       0x98 c:/program files (x86)/atmel/atmel toolchain/avr8 gcc/native/3.4.1061/avr8-gnu-toolchain/bin/../lib/gcc/avr/4.8.1/../../../../avr/lib/avr51/crtusb1287.o
                0x00000000                __vector_default
                0x00000000                __vectors
 *(.vectors)
 *(.progmem.gcc*)
                0x00000098                . = ALIGN (0x2)
                0x00000098                __trampolines_start = .
 *(.trampolines)
 .trampolines   0x00000098        0x0 linker stubs
 *(.trampolines*)
                0x00000098                __trampolines_end = .
 *(.progmem*)
 .progmem.data.ProductString
                0x00000098       0x10 Descriptors.o
                0x00000098                ProductString
 .progmem.data.ManufacturerString
                0x000000a8       0x16 Descriptors.o
                0x000000a8                ManufacturerString
 .progmem.data.LanguageString
                0x000000be        0x4 Descriptors.o
                0x000000be                LanguageString
 .progmem.data.ConfigurationDescriptor
                0x000000c2       0x3e Descriptors.o
                0x000000c2                ConfigurationDescriptor
 .progmem.data.DeviceDescriptor
                0x00000100       0x12 Descriptors.o
                0x00000100                DeviceDescriptor
                0x00000112                . = ALIGN (0x2)
 *(.jumptables)
 *(.jumptables*)
 *(.lowtext)
 *(.lowtext*)
                0x00000112                __ctors_start = .
 *(.ctors)
                0x00000112                __ctors_end = .
                0x00000112                __dtors_start = .
 *(.dtors)
                0x00000112                __dtors_end = .
 SORT(*)(.ctors)
 SORT(*)(.dtors)
 *(.init0)
 .init0         0x00000112        0x0 c:/program files (x86)/atmel/atmel toolchain/avr8 gcc/native/3.4.1061/avr8-gnu-toolchain/bin/../lib/gcc/avr/4.8.1/../../../../avr/lib/avr51/crtusb1287.o
                0x00000112                __init
 *(.init0)
 *(.init1)
 *(.init1)
 *(.init2)
 .init2         0x00000112        0xc c:/program files (x86)/atmel/atmel toolchain/avr8 gcc/native/3.4.1061/avr8-gnu-toolchain/bin/../lib/gcc/avr/4.8.1/../../../../avr/lib/avr51/crtusb1287.o
 *(.init2)
 *(.init3)
 *(.init3)
 *(.init4)
 .init4         0x0000011e       0x1a c:/program files (x86)/atmel/atmel toolchain/avr8 gcc/native/3.4.1061/avr8-gnu-toolchain/bin/../lib/gcc/avr/4.8.1/avr51\libgcc.a(_copy_data.o)
                0x0000011e                __do_copy_data
 .init4         0x00000138       0x10 c:/program files (x86)/atmel/atmel toolchain/avr8 gcc/native/3.4.1061/avr8-gnu-toolchain/bin/../lib/gcc/avr/4.8.1/avr51\libgcc.a(_clear_bss.o)
                0x00000138                __do_clear_bss
 *(.init4)
 *(.init5)
 *(.init5)
 *(.init6)
 *(.init6)
 *(.init7)
 *(.init7)
 *(.init8)
 *(.init8)
 *(.init9)
 .init9         0x00000148        0x8 c:/program files (x86)/atmel/atmel toolchain/avr8 gcc/native/3.4.1061/avr8-gnu-toolchain/bin/../lib/gcc/avr/4.8.1/../../../../avr/lib/avr51/crtusb1287.o
 *(.init9)
 *(.text)
 .text          0x00000150        0x2 c:/program files (x86)/atmel/atmel toolchain/avr8 gcc/native/3.4.1061/avr8-gnu-toolchain/bin/../lib/gcc/avr/4.8.1/../../../../avr/lib/avr51/crtusb1287.o
                0x00000150                __vector_22
                0x00000150                __vector_28
                0x00000150                __vector_1
                0x00000150                __vector_32
                0x00000150                __vector_34
                0x00000150                __vector_24
                0x00000150                __vector_12
                0x00000150                __bad_interrupt
                0x00000150                __vector_31
                0x00000150                __vector_35
                0x00000150                __vector_3
                0x00000150                __vector_23
                0x00000150                __vector_30
                0x00000150                __vector_13
                0x00000150                __vector_17
                0x00000150                __vector_19
                0x00000150                __vector_7
                0x00000150                __vector_27
                0x00000150                __vector_5
                0x00000150                __vector_33
                0x00000150                __vector_37
                0x00000150                __vector_4
                0x00000150                __vector_9
                0x00000150                __vector_2
                0x00000150                __vector_21
                0x00000150                __vector_15
                0x00000150                __vector_36
                0x00000150                __vector_8
                0x00000150                __vector_26
                0x00000150                __vector_14
                0x00000150                __vector_16
                0x00000150                __vector_18
                0x00000150                __vector_20
                0x00000152                . = ALIGN (0x2)
 *(.text.*)
 .text.CALLBACK_USB_GetDescriptor
                0x00000152       0x7a Descriptors.o
                0x00000152                CALLBACK_USB_GetDescriptor
 .text.apagaLed
                0x000001cc        0x8 src/PETE/LEGAL/comandosAtuadores.o
                0x000001cc                apagaLed
 .text.converteIdSEntradasS
                0x000001d4       0xaa src/PETE/LEGAL/divercosLEGAL.o
                0x000001d4                converteIdSEntradasS
 .text.converteIdServos
                0x0000027e       0x10 src/PETE/LEGAL/divercosLEGAL.o
                0x0000027e                converteIdServos
 .text.converteIdMotores
                0x0000028e       0x12 src/PETE/LEGAL/divercosLEGAL.o
                0x0000028e                converteIdMotores
 .text.leiturasAD_ALPHA
                0x000002a0       0x80 src/PETE/LEGAL/maqVirtual.o
                0x000002a0                leiturasAD_ALPHA
 .text.trataID  0x00000320       0x7a src/PETE/LEGAL/maqVirtual.o
                0x00000320                trataID
 .text.trataSensoresDigitais
                0x0000039a       0xc2 src/PETE/LEGAL/maqVirtual.o
                0x0000039a                trataSensoresDigitais
 .text.leituraAD_Ardunio
                0x0000045c       0x2e src/PETE/LEGAL/maqVirtual.o
                0x0000045c                leituraAD_Ardunio
 .text.leituraDigital_Arduino
                0x0000048a       0xc4 src/PETE/LEGAL/maqVirtual.o
                0x0000048a                leituraDigital_Arduino
 .text.lerEntradasuMC
                0x0000054e       0x1c src/PETE/LEGAL/maqVirtual.o
                0x0000054e                lerEntradasuMC
 .text.inicia_AD
                0x0000056a       0x22 src/PETE/uMc/AD.o
                0x0000056a                inicia_AD
 .text.setupADCSleepmode
                0x0000058c       0x16 src/PETE/uMc/AD.o
                0x0000058c                setupADCSleepmode
 .text.__vector_29
                0x000005a2        0x2 src/PETE/uMc/AD.o
                0x000005a2                __vector_29
 .text.leiuraMediaSleep
                0x000005a4       0x64 src/PETE/uMc/AD.o
                0x000005a4                leiuraMediaSleep
 .text.inicia_LEDS
                0x00000608       0x12 src/PETE/uMc/digitalIO.o
                0x00000608                inicia_LEDS
 .text.inicia_Botoes
                0x0000061a        0xe src/PETE/uMc/digitalIO.o
                0x0000061a                inicia_Botoes
 .text.inicia_uMC
                0x00000628       0x10 src/PETE/uMc/Misc.o
                0x00000628                inicia_uMC
 .text.reInicia_uMC
                0x00000638        0x8 src/PETE/uMc/Misc.o
                0x00000638                reInicia_uMC
 .text.inicia_motoresDC
                0x00000640       0x60 src/PETE/uMc/motoresDc.o
                0x00000640                inicia_motoresDC
 .text.inicia_servo
                0x000006a0       0x48 src/PETE/uMc/servo.o
                0x000006a0                inicia_servo
 .text.inicia_Timer
                0x000006e8       0x1c src/PETE/uMc/som.o
                0x000006e8                inicia_Timer
 .text.playNote
                0x00000704       0x26 src/PETE/uMc/som.o
                0x00000704                playNote
 .text.inicia_USART
                0x0000072a       0x22 src/PETE/uMc/USART.o
                0x0000072a                inicia_USART
 .text.CDC_Device_ConfigureEndpoints
                0x0000074c       0x44 src/LUFA/LUFA/Drivers/USB/Class/Device/CDCClassDevice.o
                0x0000074c                CDC_Device_ConfigureEndpoints
 .text.CDC_Device_SendByte
                0x00000790       0x4e src/LUFA/LUFA/Drivers/USB/Class/Device/CDCClassDevice.o
                0x00000790                CDC_Device_SendByte
 .text.CDC_Device_Flush
                0x000007de       0x5e src/LUFA/LUFA/Drivers/USB/Class/Device/CDCClassDevice.o
                0x000007de                CDC_Device_Flush
 .text.CDC_Device_USBTask
                0x0000083c       0x2a src/LUFA/LUFA/Drivers/USB/Class/Device/CDCClassDevice.o
                0x0000083c                CDC_Device_USBTask
 .text.CDC_Device_ReceiveByte
                0x00000866       0x74 src/LUFA/LUFA/Drivers/USB/Class/Device/CDCClassDevice.o
                0x00000866                CDC_Device_ReceiveByte
 .text.CDC_Device_Event_Stub
                0x000008da        0x2 src/LUFA/LUFA/Drivers/USB/Class/Device/CDCClassDevice.o
                0x000008da                EVENT_CDC_Device_BreakSent
                0x000008da                CDC_Device_Event_Stub
                0x000008da                EVENT_CDC_Device_ControLineStateChanged
 .text.CDC_Device_ProcessControlRequest
                0x000008dc      0x13e src/LUFA/LUFA/Drivers/USB/Class/Device/CDCClassDevice.o
                0x000008dc                CDC_Device_ProcessControlRequest
 .text.Endpoint_Write_Control_Stream_LE
                0x00000a1a       0xee src/LUFA/LUFA/Drivers/USB/Core/AVR8/EndpointStream_AVR8.o
                0x00000a1a                Endpoint_Write_Control_Stream_LE
 .text.Endpoint_Write_Control_PStream_LE
                0x00000b08       0xf4 src/LUFA/LUFA/Drivers/USB/Core/AVR8/EndpointStream_AVR8.o
                0x00000b08                Endpoint_Write_Control_PStream_LE
 .text.Endpoint_ConfigureEndpoint_Prv
                0x00000bfc       0xc8 src/LUFA/LUFA/Drivers/USB/Core/AVR8/Endpoint_AVR8.o
                0x00000bfc                Endpoint_ConfigureEndpoint_Prv
 .text.Endpoint_ConfigureEndpointTable
                0x00000cc4       0xba src/LUFA/LUFA/Drivers/USB/Core/AVR8/Endpoint_AVR8.o
                0x00000cc4                Endpoint_ConfigureEndpointTable
 .text.Endpoint_ClearStatusStage
                0x00000d7e       0x44 src/LUFA/LUFA/Drivers/USB/Core/AVR8/Endpoint_AVR8.o
                0x00000d7e                Endpoint_ClearStatusStage
 .text.Endpoint_WaitUntilReady
                0x00000dc2       0x82 src/LUFA/LUFA/Drivers/USB/Core/AVR8/Endpoint_AVR8.o
                0x00000dc2                Endpoint_WaitUntilReady
 .text.USB_ResetInterface
                0x00000e44       0x88 src/LUFA/LUFA/Drivers/USB/Core/AVR8/USBController_AVR8.o
                0x00000e44                USB_ResetInterface
 .text.USB_Init
                0x00000ecc       0x1e src/LUFA/LUFA/Drivers/USB/Core/AVR8/USBController_AVR8.o
                0x00000ecc                USB_Init
 .text.USB_INT_DisableAllInterrupts
                0x00000eea       0x10 src/LUFA/LUFA/Drivers/USB/Core/AVR8/USBInterrupt_AVR8.o
                0x00000eea                USB_INT_DisableAllInterrupts
 .text.USB_INT_ClearAllInterrupts
                0x00000efa        0xa src/LUFA/LUFA/Drivers/USB/Core/AVR8/USBInterrupt_AVR8.o
                0x00000efa                USB_INT_ClearAllInterrupts
 .text.__vector_10
                0x00000f04      0x18a src/LUFA/LUFA/Drivers/USB/Core/AVR8/USBInterrupt_AVR8.o
                0x00000f04                __vector_10
 .text.__vector_11
                0x0000108e       0x7e src/LUFA/LUFA/Drivers/USB/Core/AVR8/USBInterrupt_AVR8.o
                0x0000108e                __vector_11
 .text.USB_Device_ProcessControlRequest
                0x0000110c      0x2d8 src/LUFA/LUFA/Drivers/USB/Core/DeviceStandardReq.o
                0x0000110c                USB_Device_ProcessControlRequest
 .text.USB_Event_Stub
                0x000013e4        0x2 src/LUFA/LUFA/Drivers/USB/Core/Events.o
                0x000013e4                USB_Event_Stub
                0x000013e4                EVENT_USB_Device_Suspend
                0x000013e4                EVENT_USB_Device_StartOfFrame
                0x000013e4                EVENT_USB_Device_Reset
                0x000013e4                EVENT_USB_Device_WakeUp
 .text.USB_USBTask
                0x000013e6       0x34 src/LUFA/LUFA/Drivers/USB/Core/USBTask.o
                0x000013e6                USB_USBTask
 .text.PosicionarServos
                0x0000141a       0x16 uMc.o
                0x0000141a                PosicionarServos
 .text.ApagarLeds
                0x00001430       0x1a uMc.o
                0x00001430                ApagarLeds
 .text.__vector_6
                0x0000144a       0x7c uMc.o
                0x0000144a                __vector_6
 .text.iniciaInterrupt5
                0x000014c6        0x4 uMc.o
                0x000014c6                iniciaInterrupt5
 .text.iniciaHardware
                0x000014ca       0x8e uMc.o
                0x000014ca                iniciaHardware
 .text.receberUSB
                0x00001558       0x5e uMc.o
                0x00001558                receberUSB
 .text.enviarUSB
                0x000015b6       0x9a uMc.o
                0x000015b6                enviarUSB
 .text.envieUSB_string_nl
                0x00001650       0xee uMc.o
                0x00001650                envieUSB_string_nl
 .text.envieUSB_string
                0x0000173e       0x7a uMc.o
                0x0000173e                envieUSB_string
 .text.envieUSB_Byte
                0x000017b8      0x134 uMc.o
                0x000017b8                envieUSB_Byte
 .text.envieUSB_Char
                0x000018ec       0x5c uMc.o
                0x000018ec                envieUSB_Char
 .text.envieUSB_Word
                0x00001948      0x1d8 uMc.o
                0x00001948                envieUSB_Word
 .text.mostraMemoria
                0x00001b20       0x5a uMc.o
                0x00001b20                mostraMemoria
 .text.mc_executaPrograma
                0x00001b7a       0xa4 uMc.o
                0x00001b7a                mc_executaPrograma
 .text.envieUSB_dado
                0x00001c1e      0x4b8 uMc.o
                0x00001c1e                envieUSB_dado
 .text.envieUSB_nl
                0x000020d6       0x74 uMc.o
                0x000020d6                envieUSB_nl
 .text.enviarDados
                0x0000214a      0x13a uMc.o
                0x0000214a                enviarDados
 .text.palavraLida
                0x00002284       0x90 uMc.o
                0x00002284                palavraLida
 .text.ModoControlar
                0x00002314       0x44 uMc.o
                0x00002314                ModoControlar
 .text.comunicacaoComoLEGAL
                0x00002358       0x76 uMc.o
                0x00002358                comunicacaoComoLEGAL
 .text.mc_conectado
                0x000023ce       0x54 uMc.o
                0x000023ce                mc_conectado
 .text.main     0x00002422       0x1e uMc.o
                0x00002422                main
 .text.EVENT_USB_Device_Connect
                0x00002440        0x2 uMc.o
                0x00002440                EVENT_USB_Device_Connect
 .text.EVENT_USB_Device_Disconnect
                0x00002442        0x2 uMc.o
                0x00002442                EVENT_USB_Device_Disconnect
 .text.EVENT_USB_Device_ConfigurationChanged
                0x00002444        0xa uMc.o
                0x00002444                EVENT_USB_Device_ConfigurationChanged
 .text.EVENT_USB_Device_ControlRequest
                0x0000244e        0xa uMc.o
                0x0000244e                EVENT_USB_Device_ControlRequest
 .text.EVENT_CDC_Device_LineEncodingChanged
                0x00002458       0xca uMc.o
                0x00002458                EVENT_CDC_Device_LineEncodingChanged
 .text.__vector_25
                0x00002522       0x9c uMc.o
                0x00002522                __vector_25
 .text.libgcc.div
                0x000025be       0x26 c:/program files (x86)/atmel/atmel toolchain/avr8 gcc/native/3.4.1061/avr8-gnu-toolchain/bin/../lib/gcc/avr/4.8.1/avr51\libgcc.a(_divmodhi4.o)
                0x000025be                _div
                0x000025be                __divmodhi4
 .text.libgcc.div
                0x000025e4       0x44 c:/program files (x86)/atmel/atmel toolchain/avr8 gcc/native/3.4.1061/avr8-gnu-toolchain/bin/../lib/gcc/avr/4.8.1/avr51\libgcc.a(_udivmodsi4.o)
                0x000025e4                __udivmodsi4
 .text.libgcc.div
                0x00002628       0x28 c:/program files (x86)/atmel/atmel toolchain/avr8 gcc/native/3.4.1061/avr8-gnu-toolchain/bin/../lib/gcc/avr/4.8.1/avr51\libgcc.a(_udivmodhi4.o)
                0x00002628                __udivmodhi4
 .text.avr-libc
                0x00002650       0x12 c:/program files (x86)/atmel/atmel toolchain/avr8 gcc/native/3.4.1061/avr8-gnu-toolchain/bin/../lib/gcc/avr/4.8.1/../../../../avr/lib/avr51\libc.a(strcmp.o)
                0x00002650                strcmp
                0x00002662                . = ALIGN (0x2)
 *(.fini9)
 .fini9         0x00002662        0x0 c:/program files (x86)/atmel/atmel toolchain/avr8 gcc/native/3.4.1061/avr8-gnu-toolchain/bin/../lib/gcc/avr/4.8.1/avr51\libgcc.a(_exit.o)
                0x00002662                _exit
                0x00002662                exit
 *(.fini9)
 *(.fini8)
 *(.fini8)
 *(.fini7)
 *(.fini7)
 *(.fini6)
 *(.fini6)
 *(.fini5)
 *(.fini5)
 *(.fini4)
 *(.fini4)
 *(.fini3)
 *(.fini3)
 *(.fini2)
 *(.fini2)
 *(.fini1)
 *(.fini1)
 *(.fini0)
 .fini0         0x00002662        0x4 c:/program files (x86)/atmel/atmel toolchain/avr8 gcc/native/3.4.1061/avr8-gnu-toolchain/bin/../lib/gcc/avr/4.8.1/avr51\libgcc.a(_exit.o)
 *(.fini0)
                0x00002666                _etext = .

.data           0x00800100       0x5a load address 0x00002666
                0x00800100                PROVIDE (__data_start, .)
 *(.data)
 *(.data*)
 .data.VirtualSerial_CDC_Interface
                0x00800100       0x1b uMc.o
                0x00800100                VirtualSerial_CDC_Interface
 *(.rodata)
 *(.rodata*)
 .rodata.str1.1
                0x0080011b       0x3f uMc.o
 *(.gnu.linkonce.d*)
                0x0080015a                . = ALIGN (0x2)
                0x0080015a                _edata = .
                0x0080015a                PROVIDE (__data_end, .)

.bss            0x0080015a      0x339
                0x0080015a                PROVIDE (__bss_start, .)
 *(.bss)
 *(.bss*)
 .bss.USB_DadosParaEnviar_Buf
                0x0080015a       0x80 uMc.o
 .bss.USB_DadosParaEnviar_pt
                0x008001da        0xc uMc.o
 .bss.USB_DadosRecebidos_Buf
                0x008001e6       0x80 uMc.o
 .bss.USB_DadosRecebidos_pt
                0x00800266        0xc uMc.o
 .bss.palavraRecebida_pt
                0x00800272        0x1 uMc.o
                0x00800272                palavraRecebida_pt
 .bss.uMC_Modo  0x00800273        0x1 uMc.o
                0x00800273                uMC_Modo
 *(COMMON)
 COMMON         0x00800274      0x1fe src/PETE/LEGAL/maqVirtual.o
                0x00800274                registradores
 COMMON         0x00800472        0x3 src/LUFA/LUFA/Drivers/USB/Core/DeviceStandardReq.o
                0x00800472                USB_Device_ConfigurationNumber
                0x00800473                USB_Device_CurrentlySelfPowered
                0x00800474                USB_Device_RemoteWakeupEnabled
 COMMON         0x00800475        0x9 src/LUFA/LUFA/Drivers/USB/Core/USBTask.o
                0x00800475                USB_IsInitialized
                0x00800476                USB_ControlRequest
 COMMON         0x0080047e       0x15 uMc.o
                0x0080047e                baterias
                0x0080047f                palavraRecebida
                0x00800493                PROVIDE (__bss_end, .)
                0x00002666                __data_load_start = LOADADDR (.data)
                0x000026c0                __data_load_end = (__data_load_start + SIZEOF (.data))

.noinit         0x00800493        0x0
                0x00800493                PROVIDE (__noinit_start, .)
 *(.noinit*)
                0x00800493                PROVIDE (__noinit_end, .)
                0x00800493                _end = .
                0x00800493                PROVIDE (__heap_start, .)

.eeprom         0x00810000        0x0
 *(.eeprom*)
                0x00810000                __eeprom_end = .

.fuse
 *(.fuse)
 *(.lfuse)
 *(.hfuse)
 *(.efuse)

.lock
 *(.lock*)

.signature
 *(.signature*)

.user_signatures
 *(.user_signatures*)

.stab
 *(.stab)

.stabstr
 *(.stabstr)

.stab.excl
 *(.stab.excl)

.stab.exclstr
 *(.stab.exclstr)

.stab.index
 *(.stab.index)

.stab.indexstr
 *(.stab.indexstr)

.comment        0x00000000       0x30
 *(.comment)
 .comment       0x00000000       0x30 Descriptors.o
                                 0x31 (size before relaxing)
 .comment       0x00000000       0x31 src/PETE/LEGAL/comandosAtuadores.o
 .comment       0x00000000       0x31 src/PETE/LEGAL/divercosLEGAL.o
 .comment       0x00000000       0x31 src/PETE/LEGAL/maqVirtual.o
 .comment       0x00000000       0x31 src/PETE/uMc/AD.o
 .comment       0x00000000       0x31 src/PETE/uMc/digitalIO.o
 .comment       0x00000000       0x31 src/PETE/uMc/Misc.o
 .comment       0x00000000       0x31 src/PETE/uMc/motoresDc.o
 .comment       0x00000000       0x31 src/PETE/uMc/servo.o
 .comment       0x00000000       0x31 src/PETE/uMc/som.o
 .comment       0x00000000       0x31 src/PETE/uMc/USART.o
 .comment       0x00000000       0x31 src/LUFA/LUFA/Drivers/USB/Class/Device/CDCClassDevice.o
 .comment       0x00000000       0x31 src/LUFA/LUFA/Drivers/USB/Core/AVR8/EndpointStream_AVR8.o
 .comment       0x00000000       0x31 src/LUFA/LUFA/Drivers/USB/Core/AVR8/Endpoint_AVR8.o
 .comment       0x00000000       0x31 src/LUFA/LUFA/Drivers/USB/Core/AVR8/USBController_AVR8.o
 .comment       0x00000000       0x31 src/LUFA/LUFA/Drivers/USB/Core/AVR8/USBInterrupt_AVR8.o
 .comment       0x00000000       0x31 src/LUFA/LUFA/Drivers/USB/Core/DeviceStandardReq.o
 .comment       0x00000000       0x31 src/LUFA/LUFA/Drivers/USB/Core/Events.o
 .comment       0x00000000       0x31 src/LUFA/LUFA/Drivers/USB/Core/USBTask.o
 .comment       0x00000000       0x31 uMc.o

.note.gnu.build-id
 *(.note.gnu.build-id)

.debug
 *(.debug)

.line
 *(.line)

.debug_srcinfo
 *(.debug_srcinfo)

.debug_sfnames
 *(.debug_sfnames)

.debug_aranges  0x00000000      0x5d8
 *(.debug_aranges)
 .debug_aranges
                0x00000000       0x20 Descriptors.o
 .debug_aranges
                0x00000020       0x40 src/PETE/LEGAL/comandosAtuadores.o
 .debug_aranges
                0x00000060       0x30 src/PETE/LEGAL/divercosLEGAL.o
 .debug_aranges
                0x00000090       0x48 src/PETE/LEGAL/maqVirtual.o
 .debug_aranges
                0x000000d8       0x58 src/PETE/uMc/AD.o
 .debug_aranges
                0x00000130       0x28 src/PETE/uMc/digitalIO.o
 .debug_aranges
                0x00000158       0x28 src/PETE/uMc/Misc.o
 .debug_aranges
                0x00000180       0x20 src/PETE/uMc/motoresDc.o
 .debug_aranges
                0x000001a0       0x20 src/PETE/uMc/servo.o
 .debug_aranges
                0x000001c0       0x28 src/PETE/uMc/som.o
 .debug_aranges
                0x000001e8       0x80 src/PETE/uMc/USART.o
 .debug_aranges
                0x00000268       0x98 src/LUFA/LUFA/Drivers/USB/Class/Device/CDCClassDevice.o
 .debug_aranges
                0x00000300       0xc8 src/LUFA/LUFA/Drivers/USB/Core/AVR8/EndpointStream_AVR8.o
 .debug_aranges
                0x000003c8       0x40 src/LUFA/LUFA/Drivers/USB/Core/AVR8/Endpoint_AVR8.o
 .debug_aranges
                0x00000408       0x30 src/LUFA/LUFA/Drivers/USB/Core/AVR8/USBController_AVR8.o
 .debug_aranges
                0x00000438       0x38 src/LUFA/LUFA/Drivers/USB/Core/AVR8/USBInterrupt_AVR8.o
 .debug_aranges
                0x00000470       0x20 src/LUFA/LUFA/Drivers/USB/Core/DeviceStandardReq.o
 .debug_aranges
                0x00000490       0x20 src/LUFA/LUFA/Drivers/USB/Core/Events.o
 .debug_aranges
                0x000004b0       0x20 src/LUFA/LUFA/Drivers/USB/Core/USBTask.o
 .debug_aranges
                0x000004d0      0x108 uMc.o

.debug_pubnames
 *(.debug_pubnames)

.debug_info     0x00000000     0x8ca8
 *(.debug_info .gnu.linkonce.wi.*)
 .debug_info    0x00000000      0x780 Descriptors.o
 .debug_info    0x00000780      0x1d3 src/PETE/LEGAL/comandosAtuadores.o
 .debug_info    0x00000953       0xf7 src/PETE/LEGAL/divercosLEGAL.o
 .debug_info    0x00000a4a      0x2b9 src/PETE/LEGAL/maqVirtual.o
 .debug_info    0x00000d03      0x225 src/PETE/uMc/AD.o
 .debug_info    0x00000f28       0x9b src/PETE/uMc/digitalIO.o
 .debug_info    0x00000fc3      0x1ab src/PETE/uMc/Misc.o
 .debug_info    0x0000116e       0x91 src/PETE/uMc/motoresDc.o
 .debug_info    0x000011ff       0x92 src/PETE/uMc/servo.o
 .debug_info    0x00001291      0x147 src/PETE/uMc/som.o
 .debug_info    0x000013d8      0x526 src/PETE/uMc/USART.o
 .debug_info    0x000018fe      0xe5e src/LUFA/LUFA/Drivers/USB/Class/Device/CDCClassDevice.o
 .debug_info    0x0000275c     0x178e src/LUFA/LUFA/Drivers/USB/Core/AVR8/EndpointStream_AVR8.o
 .debug_info    0x00003eea      0x600 src/LUFA/LUFA/Drivers/USB/Core/AVR8/Endpoint_AVR8.o
 .debug_info    0x000044ea      0x4bc src/LUFA/LUFA/Drivers/USB/Core/AVR8/USBController_AVR8.o
 .debug_info    0x000049a6      0x7b6 src/LUFA/LUFA/Drivers/USB/Core/AVR8/USBInterrupt_AVR8.o
 .debug_info    0x0000515c      0xa7a src/LUFA/LUFA/Drivers/USB/Core/DeviceStandardReq.o
 .debug_info    0x00005bd6       0x7c src/LUFA/LUFA/Drivers/USB/Core/Events.o
 .debug_info    0x00005c52      0x258 src/LUFA/LUFA/Drivers/USB/Core/USBTask.o
 .debug_info    0x00005eaa     0x2dfe uMc.o

.debug_abbrev   0x00000000     0x1e16
 *(.debug_abbrev)
 .debug_abbrev  0x00000000      0x139 Descriptors.o
 .debug_abbrev  0x00000139      0x101 src/PETE/LEGAL/comandosAtuadores.o
 .debug_abbrev  0x0000023a       0x81 src/PETE/LEGAL/divercosLEGAL.o
 .debug_abbrev  0x000002bb      0x17b src/PETE/LEGAL/maqVirtual.o
 .debug_abbrev  0x00000436       0xf8 src/PETE/uMc/AD.o
 .debug_abbrev  0x0000052e       0x52 src/PETE/uMc/digitalIO.o
 .debug_abbrev  0x00000580       0x9f src/PETE/uMc/Misc.o
 .debug_abbrev  0x0000061f       0x52 src/PETE/uMc/motoresDc.o
 .debug_abbrev  0x00000671       0x54 src/PETE/uMc/servo.o
 .debug_abbrev  0x000006c5       0xe1 src/PETE/uMc/som.o
 .debug_abbrev  0x000007a6      0x16b src/PETE/uMc/USART.o
 .debug_abbrev  0x00000911      0x411 src/LUFA/LUFA/Drivers/USB/Class/Device/CDCClassDevice.o
 .debug_abbrev  0x00000d22      0x200 src/LUFA/LUFA/Drivers/USB/Core/AVR8/EndpointStream_AVR8.o
 .debug_abbrev  0x00000f22      0x21c src/LUFA/LUFA/Drivers/USB/Core/AVR8/Endpoint_AVR8.o
 .debug_abbrev  0x0000113e      0x18b src/LUFA/LUFA/Drivers/USB/Core/AVR8/USBController_AVR8.o
 .debug_abbrev  0x000012c9      0x230 src/LUFA/LUFA/Drivers/USB/Core/AVR8/USBInterrupt_AVR8.o
 .debug_abbrev  0x000014f9      0x2c7 src/LUFA/LUFA/Drivers/USB/Core/DeviceStandardReq.o
 .debug_abbrev  0x000017c0       0x47 src/LUFA/LUFA/Drivers/USB/Core/Events.o
 .debug_abbrev  0x00001807      0x16b src/LUFA/LUFA/Drivers/USB/Core/USBTask.o
 .debug_abbrev  0x00001972      0x4a4 uMc.o

.debug_line     0x00000000     0xca28
 *(.debug_line .debug_line.* .debug_line_end)
 .debug_line    0x00000000      0xcd6 Descriptors.o
 .debug_line    0x00000cd6      0x42f src/PETE/LEGAL/comandosAtuadores.o
 .debug_line    0x00001105      0x3e3 src/PETE/LEGAL/divercosLEGAL.o
 .debug_line    0x000014e8      0x513 src/PETE/LEGAL/maqVirtual.o
 .debug_line    0x000019fb      0x4fc src/PETE/uMc/AD.o
 .debug_line    0x00001ef7      0x26f src/PETE/uMc/digitalIO.o
 .debug_line    0x00002166      0x358 src/PETE/uMc/Misc.o
 .debug_line    0x000024be      0x29b src/PETE/uMc/motoresDc.o
 .debug_line    0x00002759      0x257 src/PETE/uMc/servo.o
 .debug_line    0x000029b0      0x312 src/PETE/uMc/som.o
 .debug_line    0x00002cc2      0x56e src/PETE/uMc/USART.o
 .debug_line    0x00003230     0x13bd src/LUFA/LUFA/Drivers/USB/Class/Device/CDCClassDevice.o
 .debug_line    0x000045ed     0x20b4 src/LUFA/LUFA/Drivers/USB/Core/AVR8/EndpointStream_AVR8.o
 .debug_line    0x000066a1      0xcc2 src/LUFA/LUFA/Drivers/USB/Core/AVR8/Endpoint_AVR8.o
 .debug_line    0x00007363      0x8e2 src/LUFA/LUFA/Drivers/USB/Core/AVR8/USBController_AVR8.o
 .debug_line    0x00007c45      0xb7e src/LUFA/LUFA/Drivers/USB/Core/AVR8/USBInterrupt_AVR8.o
 .debug_line    0x000087c3      0xa8f src/LUFA/LUFA/Drivers/USB/Core/DeviceStandardReq.o
 .debug_line    0x00009252      0x484 src/LUFA/LUFA/Drivers/USB/Core/Events.o
 .debug_line    0x000096d6      0x804 src/LUFA/LUFA/Drivers/USB/Core/USBTask.o
 .debug_line    0x00009eda     0x2b4e uMc.o

.debug_frame    0x00000000     0x1198
 *(.debug_frame)
 .debug_frame   0x00000000       0x24 Descriptors.o
 .debug_frame   0x00000024       0x64 src/PETE/LEGAL/comandosAtuadores.o
 .debug_frame   0x00000088       0x44 src/PETE/LEGAL/divercosLEGAL.o
 .debug_frame   0x000000cc       0xa4 src/PETE/LEGAL/maqVirtual.o
 .debug_frame   0x00000170       0x94 src/PETE/uMc/AD.o
 .debug_frame   0x00000204       0x34 src/PETE/uMc/digitalIO.o
 .debug_frame   0x00000238       0x34 src/PETE/uMc/Misc.o
 .debug_frame   0x0000026c       0x24 src/PETE/uMc/motoresDc.o
 .debug_frame   0x00000290       0x24 src/PETE/uMc/servo.o
 .debug_frame   0x000002b4       0x34 src/PETE/uMc/som.o
 .debug_frame   0x000002e8      0x194 src/PETE/uMc/USART.o
 .debug_frame   0x0000047c      0x168 src/LUFA/LUFA/Drivers/USB/Class/Device/CDCClassDevice.o
 .debug_frame   0x000005e4      0x5b4 src/LUFA/LUFA/Drivers/USB/Core/AVR8/EndpointStream_AVR8.o
 .debug_frame   0x00000b98       0xec src/LUFA/LUFA/Drivers/USB/Core/AVR8/Endpoint_AVR8.o
 .debug_frame   0x00000c84       0x58 src/LUFA/LUFA/Drivers/USB/Core/AVR8/USBController_AVR8.o
 .debug_frame   0x00000cdc       0xe8 src/LUFA/LUFA/Drivers/USB/Core/AVR8/USBInterrupt_AVR8.o
 .debug_frame   0x00000dc4       0x40 src/LUFA/LUFA/Drivers/USB/Core/DeviceStandardReq.o
 .debug_frame   0x00000e04       0x24 src/LUFA/LUFA/Drivers/USB/Core/Events.o
 .debug_frame   0x00000e28       0x2c src/LUFA/LUFA/Drivers/USB/Core/USBTask.o
 .debug_frame   0x00000e54      0x344 uMc.o

.debug_str      0x00000000    0x1a934
 *(.debug_str)
 .debug_str     0x00000000    0x14ad3 Descriptors.o
                              0x14e67 (size before relaxing)
 .debug_str     0x00014ad3     0x1bc2 src/PETE/LEGAL/comandosAtuadores.o
                               0x9358 (size before relaxing)
 .debug_str     0x00016695      0x54e src/PETE/LEGAL/divercosLEGAL.o
                               0x92c7 (size before relaxing)
 .debug_str     0x00016be3      0x528 src/PETE/LEGAL/maqVirtual.o
                               0x9b4d (size before relaxing)
 .debug_str     0x0001710b       0x88 src/PETE/uMc/AD.o
                               0x7faa (size before relaxing)
 .debug_str     0x00017193       0x36 src/PETE/uMc/digitalIO.o
                               0x89c9 (size before relaxing)
 .debug_str     0x000171c9      0x1c8 src/PETE/uMc/Misc.o
                               0x96e1 (size before relaxing)
 .debug_str     0x00017391       0x1c src/PETE/uMc/motoresDc.o
                               0x78d0 (size before relaxing)
 .debug_str     0x000173ad      0x1a9 src/PETE/uMc/servo.o
                               0x755d (size before relaxing)
 .debug_str     0x00017556       0x33 src/PETE/uMc/som.o
                               0x7961 (size before relaxing)
 .debug_str     0x00017589      0x1f4 src/PETE/uMc/USART.o
                               0x75b2 (size before relaxing)
 .debug_str     0x0001777d      0x814 src/LUFA/LUFA/Drivers/USB/Class/Device/CDCClassDevice.o
                              0x14cb7 (size before relaxing)
 .debug_str     0x00017f91      0x8b1 src/LUFA/LUFA/Drivers/USB/Core/AVR8/EndpointStream_AVR8.o
                               0xf06f (size before relaxing)
 .debug_str     0x00018842      0x1c6 src/LUFA/LUFA/Drivers/USB/Core/AVR8/Endpoint_AVR8.o
                               0xe719 (size before relaxing)
 .debug_str     0x00018a08      0x2ad src/LUFA/LUFA/Drivers/USB/Core/AVR8/USBController_AVR8.o
                               0xe679 (size before relaxing)
 .debug_str     0x00018cb5      0x1e1 src/LUFA/LUFA/Drivers/USB/Core/AVR8/USBInterrupt_AVR8.o
                               0xe6d7 (size before relaxing)
 .debug_str     0x00018e96      0x475 src/LUFA/LUFA/Drivers/USB/Core/DeviceStandardReq.o
                               0xeaea (size before relaxing)
 .debug_str     0x0001930b       0x53 src/LUFA/LUFA/Drivers/USB/Core/Events.o
                               0xd87d (size before relaxing)
 .debug_str     0x0001935e       0x62 src/LUFA/LUFA/Drivers/USB/Core/USBTask.o
                               0xe498 (size before relaxing)
 .debug_str     0x000193c0     0x1574 uMc.o
                              0x18804 (size before relaxing)

.debug_loc      0x00000000     0x6464
 *(.debug_loc)
 .debug_loc     0x00000000      0x226 Descriptors.o
 .debug_loc     0x00000226       0x67 src/PETE/LEGAL/comandosAtuadores.o
 .debug_loc     0x0000028d      0x234 src/PETE/LEGAL/divercosLEGAL.o
 .debug_loc     0x000004c1      0x17f src/PETE/LEGAL/maqVirtual.o
 .debug_loc     0x00000640      0x27b src/PETE/uMc/AD.o
 .debug_loc     0x000008bb       0x8d src/PETE/uMc/som.o
 .debug_loc     0x00000948      0x73d src/PETE/uMc/USART.o
 .debug_loc     0x00001085      0x884 src/LUFA/LUFA/Drivers/USB/Class/Device/CDCClassDevice.o
 .debug_loc     0x00001909     0x2859 src/LUFA/LUFA/Drivers/USB/Core/AVR8/EndpointStream_AVR8.o
 .debug_loc     0x00004162      0x62c src/LUFA/LUFA/Drivers/USB/Core/AVR8/Endpoint_AVR8.o
 .debug_loc     0x0000478e       0x49 src/LUFA/LUFA/Drivers/USB/Core/AVR8/USBController_AVR8.o
 .debug_loc     0x000047d7      0x333 src/LUFA/LUFA/Drivers/USB/Core/AVR8/USBInterrupt_AVR8.o
 .debug_loc     0x00004b0a      0x2ed src/LUFA/LUFA/Drivers/USB/Core/DeviceStandardReq.o
 .debug_loc     0x00004df7       0x49 src/LUFA/LUFA/Drivers/USB/Core/USBTask.o
 .debug_loc     0x00004e40     0x1624 uMc.o

.debug_macinfo
 *(.debug_macinfo)

.debug_weaknames
 *(.debug_weaknames)

.debug_funcnames
 *(.debug_funcnames)

.debug_typenames
 *(.debug_typenames)

.debug_varnames
 *(.debug_varnames)

.debug_pubtypes
 *(.debug_pubtypes)

.debug_ranges   0x00000000     0x1280
 *(.debug_ranges)
 .debug_ranges  0x00000000       0x10 Descriptors.o
 .debug_ranges  0x00000010       0x30 src/PETE/LEGAL/comandosAtuadores.o
 .debug_ranges  0x00000040       0x20 src/PETE/LEGAL/divercosLEGAL.o
 .debug_ranges  0x00000060       0x50 src/PETE/LEGAL/maqVirtual.o
 .debug_ranges  0x000000b0       0x48 src/PETE/uMc/AD.o
 .debug_ranges  0x000000f8       0x18 src/PETE/uMc/digitalIO.o
 .debug_ranges  0x00000110       0x18 src/PETE/uMc/Misc.o
 .debug_ranges  0x00000128       0x10 src/PETE/uMc/motoresDc.o
 .debug_ranges  0x00000138       0x10 src/PETE/uMc/servo.o
 .debug_ranges  0x00000148       0x18 src/PETE/uMc/som.o
 .debug_ranges  0x00000160       0x70 src/PETE/uMc/USART.o
 .debug_ranges  0x000001d0       0x88 src/LUFA/LUFA/Drivers/USB/Class/Device/CDCClassDevice.o
 .debug_ranges  0x00000258      0xa38 src/LUFA/LUFA/Drivers/USB/Core/AVR8/EndpointStream_AVR8.o
 .debug_ranges  0x00000c90      0x1c8 src/LUFA/LUFA/Drivers/USB/Core/AVR8/Endpoint_AVR8.o
 .debug_ranges  0x00000e58       0x20 src/LUFA/LUFA/Drivers/USB/Core/AVR8/USBController_AVR8.o
 .debug_ranges  0x00000e78       0x28 src/LUFA/LUFA/Drivers/USB/Core/AVR8/USBInterrupt_AVR8.o
 .debug_ranges  0x00000ea0       0x58 src/LUFA/LUFA/Drivers/USB/Core/DeviceStandardReq.o
 .debug_ranges  0x00000ef8       0x10 src/LUFA/LUFA/Drivers/USB/Core/Events.o
 .debug_ranges  0x00000f08       0x10 src/LUFA/LUFA/Drivers/USB/Core/USBTask.o
 .debug_ranges  0x00000f18      0x368 uMc.o

.debug_macro    0x00000000     0x8e43
 *(.debug_macro)
 .debug_macro   0x00000000      0x446 Descriptors.o
 .debug_macro   0x00000446      0xa6c Descriptors.o
 .debug_macro   0x00000eb2       0x10 Descriptors.o
 .debug_macro   0x00000ec2      0x1ad Descriptors.o
 .debug_macro   0x0000106f      0x293 Descriptors.o
 .debug_macro   0x00001302       0x89 Descriptors.o
 .debug_macro   0x0000138b       0xaa Descriptors.o
 .debug_macro   0x00001435     0x18ff Descriptors.o
 .debug_macro   0x00002d34       0xe2 Descriptors.o
 .debug_macro   0x00002e16      0x1e0 Descriptors.o
 .debug_macro   0x00002ff6       0xcb Descriptors.o
 .debug_macro   0x000030c1       0x34 Descriptors.o
 .debug_macro   0x000030f5       0x18 Descriptors.o
 .debug_macro   0x0000310d       0x6c Descriptors.o
 .debug_macro   0x00003179      0x181 Descriptors.o
 .debug_macro   0x000032fa       0x12 Descriptors.o
 .debug_macro   0x0000330c       0x10 Descriptors.o
 .debug_macro   0x0000331c       0x22 Descriptors.o
 .debug_macro   0x0000333e       0x16 Descriptors.o
 .debug_macro   0x00003354       0x20 Descriptors.o
 .debug_macro   0x00003374       0xef Descriptors.o
 .debug_macro   0x00003463       0x22 Descriptors.o
 .debug_macro   0x00003485      0x199 Descriptors.o
 .debug_macro   0x0000361e       0x2f Descriptors.o
 .debug_macro   0x0000364d       0x1c Descriptors.o
 .debug_macro   0x00003669       0x68 Descriptors.o
 .debug_macro   0x000036d1       0x34 Descriptors.o
 .debug_macro   0x00003705       0x69 Descriptors.o
 .debug_macro   0x0000376e       0x88 Descriptors.o
 .debug_macro   0x000037f6       0x35 Descriptors.o
 .debug_macro   0x0000382b      0x10c Descriptors.o
 .debug_macro   0x00003937      0x160 Descriptors.o
 .debug_macro   0x00003a97      0x167 Descriptors.o
 .debug_macro   0x00003bfe       0x10 Descriptors.o
 .debug_macro   0x00003c0e       0x1c Descriptors.o
 .debug_macro   0x00003c2a       0x86 Descriptors.o
 .debug_macro   0x00003cb0       0x3c Descriptors.o
 .debug_macro   0x00003cec       0x20 Descriptors.o
 .debug_macro   0x00003d0c       0x4d Descriptors.o
 .debug_macro   0x00003d59       0x73 Descriptors.o
 .debug_macro   0x00003dcc       0x16 Descriptors.o
 .debug_macro   0x00003de2       0x12 Descriptors.o
 .debug_macro   0x00003df4       0x22 Descriptors.o
 .debug_macro   0x00003e16       0x64 Descriptors.o
 .debug_macro   0x00003e7a       0x41 Descriptors.o
 .debug_macro   0x00003ebb       0x12 Descriptors.o
 .debug_macro   0x00003ecd       0x10 Descriptors.o
 .debug_macro   0x00003edd       0x1c Descriptors.o
 .debug_macro   0x00003ef9       0x16 Descriptors.o
 .debug_macro   0x00003f0f       0x16 Descriptors.o
 .debug_macro   0x00003f25      0x12c Descriptors.o
 .debug_macro   0x00004051       0x16 Descriptors.o
 .debug_macro   0x00004067       0x46 Descriptors.o
 .debug_macro   0x000040ad       0x58 Descriptors.o
 .debug_macro   0x00004105       0x10 Descriptors.o
 .debug_macro   0x00004115       0x35 Descriptors.o
 .debug_macro   0x0000414a       0xeb Descriptors.o
 .debug_macro   0x00004235       0x16 Descriptors.o
 .debug_macro   0x0000424b      0x154 Descriptors.o
 .debug_macro   0x0000439f       0x2a Descriptors.o
 .debug_macro   0x000043c9      0x6ce Descriptors.o
 .debug_macro   0x00004a97       0x16 Descriptors.o
 .debug_macro   0x00004aad      0x132 Descriptors.o
 .debug_macro   0x00004bdf       0x16 Descriptors.o
 .debug_macro   0x00004bf5       0x10 Descriptors.o
 .debug_macro   0x00004c05       0x6c Descriptors.o
 .debug_macro   0x00004c71       0x16 Descriptors.o
 .debug_macro   0x00004c87       0x1c Descriptors.o
 .debug_macro   0x00004ca3       0x16 Descriptors.o
 .debug_macro   0x00004cb9       0x10 Descriptors.o
 .debug_macro   0x00004cc9      0x1be Descriptors.o
 .debug_macro   0x00004e87       0x16 Descriptors.o
 .debug_macro   0x00004e9d       0x22 Descriptors.o
 .debug_macro   0x00004ebf       0xd9 src/PETE/LEGAL/comandosAtuadores.o
 .debug_macro   0x00004f98      0x16d src/PETE/LEGAL/comandosAtuadores.o
 .debug_macro   0x00005105      0x6f0 src/PETE/LEGAL/comandosAtuadores.o
 .debug_macro   0x000057f5      0x154 src/PETE/LEGAL/comandosAtuadores.o
 .debug_macro   0x00005949       0xd4 src/PETE/LEGAL/divercosLEGAL.o
 .debug_macro   0x00005a1d      0x1d2 src/PETE/LEGAL/divercosLEGAL.o
 .debug_macro   0x00005bef       0x28 src/PETE/LEGAL/divercosLEGAL.o
 .debug_macro   0x00005c17      0x103 src/PETE/LEGAL/maqVirtual.o
 .debug_macro   0x00005d1a       0x65 src/PETE/LEGAL/maqVirtual.o
 .debug_macro   0x00005d7f       0x94 src/PETE/LEGAL/maqVirtual.o
 .debug_macro   0x00005e13      0x6f6 src/PETE/LEGAL/maqVirtual.o
 .debug_macro   0x00006509       0x10 src/PETE/LEGAL/maqVirtual.o
 .debug_macro   0x00006519       0xd3 src/PETE/uMc/AD.o
 .debug_macro   0x000065ec       0xa5 src/PETE/uMc/digitalIO.o
 .debug_macro   0x00006691      0x108 src/PETE/uMc/Misc.o
 .debug_macro   0x00006799       0xe2 src/PETE/uMc/Misc.o
 .debug_macro   0x0000687b       0x1c src/PETE/uMc/Misc.o
 .debug_macro   0x00006897       0xa5 src/PETE/uMc/motoresDc.o
 .debug_macro   0x0000693c      0x14e src/PETE/uMc/motoresDc.o
 .debug_macro   0x00006a8a       0xa5 src/PETE/uMc/servo.o
 .debug_macro   0x00006b2f       0x6a src/PETE/uMc/servo.o
 .debug_macro   0x00006b99       0xca src/PETE/uMc/som.o
 .debug_macro   0x00006c63       0xa8 src/PETE/uMc/USART.o
 .debug_macro   0x00006d0b       0x2e src/PETE/uMc/USART.o
 .debug_macro   0x00006d39       0x16 src/PETE/uMc/USART.o
 .debug_macro   0x00006d4f      0x44f src/LUFA/LUFA/Drivers/USB/Class/Device/CDCClassDevice.o
 .debug_macro   0x0000719e      0x61b src/LUFA/LUFA/Drivers/USB/Core/AVR8/EndpointStream_AVR8.o
 .debug_macro   0x000077b9       0x28 src/LUFA/LUFA/Drivers/USB/Core/AVR8/EndpointStream_AVR8.o
 .debug_macro   0x000077e1       0x1c src/LUFA/LUFA/Drivers/USB/Core/AVR8/EndpointStream_AVR8.o
 .debug_macro   0x000077fd       0x1c src/LUFA/LUFA/Drivers/USB/Core/AVR8/EndpointStream_AVR8.o
 .debug_macro   0x00007819      0x2b2 src/LUFA/LUFA/Drivers/USB/Core/AVR8/Endpoint_AVR8.o
 .debug_macro   0x00007acb       0x10 src/LUFA/LUFA/Drivers/USB/Core/AVR8/Endpoint_AVR8.o
 .debug_macro   0x00007adb      0x284 src/LUFA/LUFA/Drivers/USB/Core/AVR8/USBController_AVR8.o
 .debug_macro   0x00007d5f       0x79 src/LUFA/LUFA/Drivers/USB/Core/AVR8/USBController_AVR8.o
 .debug_macro   0x00007dd8      0x28c src/LUFA/LUFA/Drivers/USB/Core/AVR8/USBInterrupt_AVR8.o
 .debug_macro   0x00008064      0x28a src/LUFA/LUFA/Drivers/USB/Core/DeviceStandardReq.o
 .debug_macro   0x000082ee      0x191 src/LUFA/LUFA/Drivers/USB/Core/Events.o
 .debug_macro   0x0000847f      0x290 src/LUFA/LUFA/Drivers/USB/Core/USBTask.o
 .debug_macro   0x0000870f      0x571 uMc.o
 .debug_macro   0x00008c80       0x76 uMc.o
 .debug_macro   0x00008cf6       0x9d uMc.o
 .debug_macro   0x00008d93       0x12 uMc.o
 .debug_macro   0x00008da5       0x70 uMc.o
 .debug_macro   0x00008e15       0x2e uMc.o
OUTPUT(LUFA_PROJECTS_USB_TO_SERIAL3.elf elf32-avr)
LOAD linker stubs
