Archive member included because of file (symbol)

c:/program files (x86)/atmel/atmel toolchain/avr8 gcc/native/3.4.1061/avr8-gnu-toolchain/bin/../lib/gcc/avr/4.8.1/avr51\libgcc.a(_divmodhi4.o)
                              uMc.o (__divmodhi4)
c:/program files (x86)/atmel/atmel toolchain/avr8 gcc/native/3.4.1061/avr8-gnu-toolchain/bin/../lib/gcc/avr/4.8.1/avr51\libgcc.a(_udivmodsi4.o)
                              uMc.o (__udivmodsi4)
c:/program files (x86)/atmel/atmel toolchain/avr8 gcc/native/3.4.1061/avr8-gnu-toolchain/bin/../lib/gcc/avr/4.8.1/avr51\libgcc.a(_exit.o)
                              c:/program files (x86)/atmel/atmel toolchain/avr8 gcc/native/3.4.1061/avr8-gnu-toolchain/bin/../lib/gcc/avr/4.8.1/../../../../avr/lib/avr51/crtusb1287.o (exit)
c:/program files (x86)/atmel/atmel toolchain/avr8 gcc/native/3.4.1061/avr8-gnu-toolchain/bin/../lib/gcc/avr/4.8.1/avr51\libgcc.a(_copy_data.o)
                              src/LUFA/LUFA/Drivers/USB/Class/Device/CDCClassDevice.o (__do_copy_data)
c:/program files (x86)/atmel/atmel toolchain/avr8 gcc/native/3.4.1061/avr8-gnu-toolchain/bin/../lib/gcc/avr/4.8.1/avr51\libgcc.a(_clear_bss.o)
                              src/PETE/LEGAL/maqVirtual.o (__do_clear_bss)
c:/program files (x86)/atmel/atmel toolchain/avr8 gcc/native/3.4.1061/avr8-gnu-toolchain/bin/../lib/gcc/avr/4.8.1/avr51\libgcc.a(_umulhisi3.o)
                              src/PETE/uMc/USART.o (__umulhisi3)
c:/program files (x86)/atmel/atmel toolchain/avr8 gcc/native/3.4.1061/avr8-gnu-toolchain/bin/../lib/gcc/avr/4.8.1/avr51\libgcc.a(_udivmodhi4.o)
                              c:/program files (x86)/atmel/atmel toolchain/avr8 gcc/native/3.4.1061/avr8-gnu-toolchain/bin/../lib/gcc/avr/4.8.1/avr51\libgcc.a(_divmodhi4.o) (__udivmodhi4)
c:/program files (x86)/atmel/atmel toolchain/avr8 gcc/native/3.4.1061/avr8-gnu-toolchain/bin/../lib/gcc/avr/4.8.1/../../../../avr/lib/avr51\libc.a(memcpy_P.o)
                              src/LUFA/LUFA/Drivers/USB/Class/Device/RNDISClassDevice.o (memcpy_P)
c:/program files (x86)/atmel/atmel toolchain/avr8 gcc/native/3.4.1061/avr8-gnu-toolchain/bin/../lib/gcc/avr/4.8.1/../../../../avr/lib/avr51\libc.a(memcmp.o)
                              src/LUFA/LUFA/Drivers/USB/Class/Device/HIDClassDevice.o (memcmp)
c:/program files (x86)/atmel/atmel toolchain/avr8 gcc/native/3.4.1061/avr8-gnu-toolchain/bin/../lib/gcc/avr/4.8.1/../../../../avr/lib/avr51\libc.a(memcpy.o)
                              src/LUFA/LUFA/Drivers/USB/Class/Device/HIDClassDevice.o (memcpy)
c:/program files (x86)/atmel/atmel toolchain/avr8 gcc/native/3.4.1061/avr8-gnu-toolchain/bin/../lib/gcc/avr/4.8.1/../../../../avr/lib/avr51\libc.a(memset.o)
                              src/LUFA/LUFA/Drivers/USB/Class/Device/HIDClassDevice.o (memset)
c:/program files (x86)/atmel/atmel toolchain/avr8 gcc/native/3.4.1061/avr8-gnu-toolchain/bin/../lib/gcc/avr/4.8.1/../../../../avr/lib/avr51\libc.a(strcmp.o)
                              uMc.o (strcmp)
c:/program files (x86)/atmel/atmel toolchain/avr8 gcc/native/3.4.1061/avr8-gnu-toolchain/bin/../lib/gcc/avr/4.8.1/../../../../avr/lib/avr51\libc.a(iob.o)
                              src/LUFA/LUFA/Drivers/Peripheral/AVR8/Serial_AVR8.o (__iob)
c:/program files (x86)/atmel/atmel toolchain/avr8 gcc/native/3.4.1061/avr8-gnu-toolchain/bin/../lib/gcc/avr/4.8.1/../../../../avr/lib/avr51\libc.a(eerd_byte_at90usb1287.o)
                              src/LUFA/LUFA/Drivers/USB/Core/AVR8/EndpointStream_AVR8.o (__eerd_byte_usb1287)
c:/program files (x86)/atmel/atmel toolchain/avr8 gcc/native/3.4.1061/avr8-gnu-toolchain/bin/../lib/gcc/avr/4.8.1/../../../../avr/lib/avr51\libc.a(eeupd_byte_at90usb1287.o)
                              src/LUFA/LUFA/Drivers/USB/Core/AVR8/EndpointStream_AVR8.o (__eeupd_byte_usb1287)

Allocating common symbols
Common symbol       size              file

baterias            0x1               uMc.o
USB_IsInitialized   0x1               src/LUFA/LUFA/Drivers/USB/Core/USBTask.o
registradores       0x1fe             src/PETE/LEGAL/maqVirtual.o
USB_Device_ConfigurationNumber
                    0x1               src/LUFA/LUFA/Drivers/USB/Core/DeviceStandardReq.o
USB_Device_CurrentlySelfPowered
                    0x1               src/LUFA/LUFA/Drivers/USB/Core/DeviceStandardReq.o
USARTSerialStream   0xe               src/LUFA/LUFA/Drivers/Peripheral/AVR8/Serial_AVR8.o
USB_ControlRequest  0x8               src/LUFA/LUFA/Drivers/USB/Core/USBTask.o
USB_Device_RemoteWakeupEnabled
                    0x1               src/LUFA/LUFA/Drivers/USB/Core/DeviceStandardReq.o
palavraRecebida     0x14              uMc.o
__iob               0x6               c:/program files (x86)/atmel/atmel toolchain/avr8 gcc/native/3.4.1061/avr8-gnu-toolchain/bin/../lib/gcc/avr/4.8.1/../../../../avr/lib/avr51\libc.a(iob.o)

Discarded input sections

[...]
Memory Configuration

Name             Origin             Length             Attributes
text             0x00000000         0x00020000         xr
data             0x00800100         0x0000ff00         rw !x
eeprom           0x00810000         0x00010000         rw !x
fuse             0x00820000         0x00000400         rw !x
lock             0x00830000         0x00000400         rw !x
signature        0x00840000         0x00000400         rw !x
user_signatures  0x00850000         0x00000400         rw !x
*default*        0x00000000         0xffffffff

Linker script and memory map

Address of section .data set to 0x800100
LOAD c:/program files (x86)/atmel/atmel toolchain/avr8 gcc/native/3.4.1061/avr8-gnu-toolchain/bin/../lib/gcc/avr/4.8.1/../../../../avr/lib/avr51/crtusb1287.o
LOAD Descriptors.o
LOAD src/PETE/LEGAL/comandosAtuadores.o
LOAD src/PETE/LEGAL/configuracaoLEGAL.o
LOAD src/PETE/LEGAL/divercosLEGAL.o
LOAD src/PETE/LEGAL/maqVirtual.o
LOAD src/PETE/uMc/AD.o
LOAD src/PETE/uMc/digitalIO.o
LOAD src/PETE/uMc/Misc.o
LOAD src/PETE/uMc/motoresDc.o
LOAD src/PETE/uMc/servo.o
LOAD src/PETE/uMc/som.o
LOAD src/PETE/uMc/USART.o
LOAD src/LUFA/LUFA/Drivers/Peripheral/AVR8/Serial_AVR8.o
LOAD src/LUFA/LUFA/Drivers/USB/Class/Common/HIDParser.o
LOAD src/LUFA/LUFA/Drivers/USB/Class/Device/AudioClassDevice.o
LOAD src/LUFA/LUFA/Drivers/USB/Class/Device/CDCClassDevice.o
LOAD src/LUFA/LUFA/Drivers/USB/Class/Device/HIDClassDevice.o
LOAD src/LUFA/LUFA/Drivers/USB/Class/Device/MassStorageClassDevice.o
LOAD src/LUFA/LUFA/Drivers/USB/Class/Device/MIDIClassDevice.o
LOAD src/LUFA/LUFA/Drivers/USB/Class/Device/PrinterClassDevice.o
LOAD src/LUFA/LUFA/Drivers/USB/Class/Device/RNDISClassDevice.o
LOAD src/LUFA/LUFA/Drivers/USB/Class/Host/AndroidAccessoryClassHost.o
LOAD src/LUFA/LUFA/Drivers/USB/Class/Host/AudioClassHost.o
LOAD src/LUFA/LUFA/Drivers/USB/Class/Host/CDCClassHost.o
LOAD src/LUFA/LUFA/Drivers/USB/Class/Host/HIDClassHost.o
LOAD src/LUFA/LUFA/Drivers/USB/Class/Host/MassStorageClassHost.o
LOAD src/LUFA/LUFA/Drivers/USB/Class/Host/MIDIClassHost.o
LOAD src/LUFA/LUFA/Drivers/USB/Class/Host/PrinterClassHost.o
LOAD src/LUFA/LUFA/Drivers/USB/Class/Host/RNDISClassHost.o
LOAD src/LUFA/LUFA/Drivers/USB/Class/Host/StillImageClassHost.o
LOAD src/LUFA/LUFA/Drivers/USB/Core/AVR8/Device_AVR8.o
LOAD src/LUFA/LUFA/Drivers/USB/Core/AVR8/EndpointStream_AVR8.o
LOAD src/LUFA/LUFA/Drivers/USB/Core/AVR8/Endpoint_AVR8.o
LOAD src/LUFA/LUFA/Drivers/USB/Core/AVR8/Host_AVR8.o
LOAD src/LUFA/LUFA/Drivers/USB/Core/AVR8/PipeStream_AVR8.o
LOAD src/LUFA/LUFA/Drivers/USB/Core/AVR8/Pipe_AVR8.o
LOAD src/LUFA/LUFA/Drivers/USB/Core/AVR8/Template/Template_Endpoint_Control_R.o
LOAD src/LUFA/LUFA/Drivers/USB/Core/AVR8/Template/Template_Endpoint_Control_W.o
LOAD src/LUFA/LUFA/Drivers/USB/Core/AVR8/Template/Template_Endpoint_RW.o
LOAD src/LUFA/LUFA/Drivers/USB/Core/AVR8/Template/Template_Pipe_RW.o
LOAD src/LUFA/LUFA/Drivers/USB/Core/AVR8/USBController_AVR8.o
LOAD src/LUFA/LUFA/Drivers/USB/Core/AVR8/USBInterrupt_AVR8.o
LOAD src/LUFA/LUFA/Drivers/USB/Core/ConfigDescriptors.o
LOAD src/LUFA/LUFA/Drivers/USB/Core/DeviceStandardReq.o
LOAD src/LUFA/LUFA/Drivers/USB/Core/Events.o
LOAD src/LUFA/LUFA/Drivers/USB/Core/HostStandardReq.o
LOAD src/LUFA/LUFA/Drivers/USB/Core/USBTask.o
LOAD uMc.o
START GROUP
LOAD c:/program files (x86)/atmel/atmel toolchain/avr8 gcc/native/3.4.1061/avr8-gnu-toolchain/bin/../lib/gcc/avr/4.8.1/../../../../avr/lib/avr51\libm.a
END GROUP
START GROUP
LOAD c:/program files (x86)/atmel/atmel toolchain/avr8 gcc/native/3.4.1061/avr8-gnu-toolchain/bin/../lib/gcc/avr/4.8.1/avr51\libgcc.a
LOAD c:/program files (x86)/atmel/atmel toolchain/avr8 gcc/native/3.4.1061/avr8-gnu-toolchain/bin/../lib/gcc/avr/4.8.1/../../../../avr/lib/avr51\libm.a
LOAD c:/program files (x86)/atmel/atmel toolchain/avr8 gcc/native/3.4.1061/avr8-gnu-toolchain/bin/../lib/gcc/avr/4.8.1/../../../../avr/lib/avr51\libc.a
END GROUP

.hash
 *(.hash)

.dynsym
 *(.dynsym)

.dynstr
 *(.dynstr)

.gnu.version
 *(.gnu.version)

.gnu.version_d
 *(.gnu.version_d)

.gnu.version_r
 *(.gnu.version_r)

.rel.init
 *(.rel.init)

.rela.init
 *(.rela.init)

.rel.text
 *(.rel.text)
 *(.rel.text.*)
 *(.rel.gnu.linkonce.t*)

.rela.text
 *(.rela.text)
 *(.rela.text.*)
 *(.rela.gnu.linkonce.t*)

.rel.fini
 *(.rel.fini)

.rela.fini
 *(.rela.fini)

.rel.rodata
 *(.rel.rodata)
 *(.rel.rodata.*)
 *(.rel.gnu.linkonce.r*)

.rela.rodata
 *(.rela.rodata)
 *(.rela.rodata.*)
 *(.rela.gnu.linkonce.r*)

.rel.data
 *(.rel.data)
 *(.rel.data.*)
 *(.rel.gnu.linkonce.d*)

.rela.data
 *(.rela.data)
 *(.rela.data.*)
 *(.rela.gnu.linkonce.d*)

.rel.ctors
 *(.rel.ctors)

.rela.ctors
 *(.rela.ctors)

.rel.dtors
 *(.rel.dtors)

.rela.dtors
 *(.rela.dtors)

.rel.got
 *(.rel.got)

.rela.got
 *(.rela.got)

.rel.bss
 *(.rel.bss)

.rela.bss
 *(.rela.bss)

.rel.plt
 *(.rel.plt)

.rela.plt
 *(.rela.plt)

.text           0x00000000     0x1b50
 *(.vectors)
 .vectors       0x00000000       0x98 c:/program files (x86)/atmel/atmel toolchain/avr8 gcc/native/3.4.1061/avr8-gnu-toolchain/bin/../lib/gcc/avr/4.8.1/../../../../avr/lib/avr51/crtusb1287.o
                0x00000000                __vector_default
                0x00000000                __vectors
 *(.vectors)
 *(.progmem.gcc*)
                0x00000098                . = ALIGN (0x2)
                0x00000098                __trampolines_start = .
 *(.trampolines)
 .trampolines   0x00000098        0x0 linker stubs
 *(.trampolines*)
                0x00000098                __trampolines_end = .
 *(.progmem*)
 .progmem.data.ProductString
                0x00000098       0x10 Descriptors.o
                0x00000098                ProductString
 .progmem.data.ManufacturerString
                0x000000a8       0x16 Descriptors.o
                0x000000a8                ManufacturerString
 .progmem.data.LanguageString
                0x000000be        0x4 Descriptors.o
                0x000000be                LanguageString
 .progmem.data.ConfigurationDescriptor
                0x000000c2       0x3e Descriptors.o
                0x000000c2                ConfigurationDescriptor
 .progmem.data.DeviceDescriptor
                0x00000100       0x12 Descriptors.o
                0x00000100                DeviceDescriptor
                0x00000112                . = ALIGN (0x2)
 *(.jumptables)
 *(.jumptables*)
 *(.lowtext)
 *(.lowtext*)
                0x00000112                __ctors_start = .
 *(.ctors)
                0x00000112                __ctors_end = .
                0x00000112                __dtors_start = .
 *(.dtors)
                0x00000112                __dtors_end = .
 SORT(*)(.ctors)
 SORT(*)(.dtors)
 *(.init0)
 .init0         0x00000112        0x0 c:/program files (x86)/atmel/atmel toolchain/avr8 gcc/native/3.4.1061/avr8-gnu-toolchain/bin/../lib/gcc/avr/4.8.1/../../../../avr/lib/avr51/crtusb1287.o
                0x00000112                __init
 *(.init0)
 *(.init1)
 *(.init1)
 *(.init2)
 .init2         0x00000112        0xc c:/program files (x86)/atmel/atmel toolchain/avr8 gcc/native/3.4.1061/avr8-gnu-toolchain/bin/../lib/gcc/avr/4.8.1/../../../../avr/lib/avr51/crtusb1287.o
 *(.init2)
 *(.init3)
 *(.init3)
 *(.init4)
 .init4         0x0000011e       0x1a c:/program files (x86)/atmel/atmel toolchain/avr8 gcc/native/3.4.1061/avr8-gnu-toolchain/bin/../lib/gcc/avr/4.8.1/avr51\libgcc.a(_copy_data.o)
                0x0000011e                __do_copy_data
 .init4         0x00000138       0x10 c:/program files (x86)/atmel/atmel toolchain/avr8 gcc/native/3.4.1061/avr8-gnu-toolchain/bin/../lib/gcc/avr/4.8.1/avr51\libgcc.a(_clear_bss.o)
                0x00000138                __do_clear_bss
 *(.init4)
 *(.init5)
 *(.init5)
 *(.init6)
 *(.init6)
 *(.init7)
 *(.init7)
 *(.init8)
 *(.init8)
 *(.init9)
 .init9         0x00000148        0x8 c:/program files (x86)/atmel/atmel toolchain/avr8 gcc/native/3.4.1061/avr8-gnu-toolchain/bin/../lib/gcc/avr/4.8.1/../../../../avr/lib/avr51/crtusb1287.o
 *(.init9)
 *(.text)
 .text          0x00000150        0x2 c:/program files (x86)/atmel/atmel toolchain/avr8 gcc/native/3.4.1061/avr8-gnu-toolchain/bin/../lib/gcc/avr/4.8.1/../../../../avr/lib/avr51/crtusb1287.o
                0x00000150                __vector_22
                0x00000150                __vector_28
                0x00000150                __vector_1
                0x00000150                __vector_32
                0x00000150                __vector_34
                0x00000150                __vector_24
                0x00000150                __vector_12
                0x00000150                __bad_interrupt
                0x00000150                __vector_31
                0x00000150                __vector_35
                0x00000150                __vector_3
                0x00000150                __vector_23
                0x00000150                __vector_30
                0x00000150                __vector_13
                0x00000150                __vector_17
                0x00000150                __vector_19
                0x00000150                __vector_7
                0x00000150                __vector_27
                0x00000150                __vector_5
                0x00000150                __vector_33
                0x00000150                __vector_37
                0x00000150                __vector_4
                0x00000150                __vector_9
                0x00000150                __vector_2
                0x00000150                __vector_15
                0x00000150                __vector_36
                0x00000150                __vector_8
                0x00000150                __vector_26
                0x00000150                __vector_14
                0x00000150                __vector_16
                0x00000150                __vector_18
                0x00000150                __vector_20
                0x00000152                . = ALIGN (0x2)
 *(.text.*)
 .text.CALLBACK_USB_GetDescriptor
                0x00000152       0x7a Descriptors.o
                0x00000152                CALLBACK_USB_GetDescriptor
 .text.apagaLed
                0x000001cc       0x18 src/PETE/LEGAL/comandosAtuadores.o
                0x000001cc                apagaLed
 .text.leituraAD_Ardunio
                0x000001e4       0x22 src/PETE/LEGAL/maqVirtual.o
                0x000001e4                leituraAD_Ardunio
 .text.leituraDigital_Arduino
                0x00000206       0x1e src/PETE/LEGAL/maqVirtual.o
                0x00000206                leituraDigital_Arduino
 .text.lerEntradasuMC
                0x00000224        0x6 src/PETE/LEGAL/maqVirtual.o
                0x00000224                lerEntradasuMC
 .text.inicia_AD
                0x0000022a       0x22 src/PETE/uMc/AD.o
                0x0000022a                inicia_AD
 .text.setupADCSleepmode
                0x0000024c       0x16 src/PETE/uMc/AD.o
                0x0000024c                setupADCSleepmode
 .text.__vector_29
                0x00000262        0x2 src/PETE/uMc/AD.o
                0x00000262                __vector_29
 .text.leiuraMediaSleep
                0x00000264       0x60 src/PETE/uMc/AD.o
                0x00000264                leiuraMediaSleep
 .text.inicia_LEDS
                0x000002c4       0x16 src/PETE/uMc/digitalIO.o
                0x000002c4                inicia_LEDS
 .text.inicia_Botoes
                0x000002da        0xe src/PETE/uMc/digitalIO.o
                0x000002da                inicia_Botoes
 .text.inicia_uMC
                0x000002e8       0x10 src/PETE/uMc/Misc.o
                0x000002e8                inicia_uMC
 .text.reInicia_uMC
                0x000002f8        0x8 src/PETE/uMc/Misc.o
                0x000002f8                reInicia_uMC
 .text.inicia_motoresDC
                0x00000300       0x60 src/PETE/uMc/motoresDc.o
                0x00000300                inicia_motoresDC
 .text.inicia_servo
                0x00000360       0x48 src/PETE/uMc/servo.o
                0x00000360                inicia_servo
 .text.inicia_Timer
                0x000003a8       0x2c src/PETE/uMc/som.o
                0x000003a8                inicia_Timer
 .text.playNote
                0x000003d4       0x26 src/PETE/uMc/som.o
                0x000003d4                playNote
 .text.inicia_USART
                0x000003fa       0x22 src/PETE/uMc/USART.o
                0x000003fa                inicia_USART
 .text.CDC_Device_ConfigureEndpoints
                0x0000041c       0x44 src/LUFA/LUFA/Drivers/USB/Class/Device/CDCClassDevice.o
                0x0000041c                CDC_Device_ConfigureEndpoints
 .text.CDC_Device_SendByte
                0x00000460       0x4e src/LUFA/LUFA/Drivers/USB/Class/Device/CDCClassDevice.o
                0x00000460                CDC_Device_SendByte
 .text.CDC_Device_Flush
                0x000004ae       0x5e src/LUFA/LUFA/Drivers/USB/Class/Device/CDCClassDevice.o
                0x000004ae                CDC_Device_Flush
 .text.CDC_Device_USBTask
                0x0000050c       0x2a src/LUFA/LUFA/Drivers/USB/Class/Device/CDCClassDevice.o
                0x0000050c                CDC_Device_USBTask
 .text.CDC_Device_ReceiveByte
                0x00000536       0x74 src/LUFA/LUFA/Drivers/USB/Class/Device/CDCClassDevice.o
                0x00000536                CDC_Device_ReceiveByte
 .text.CDC_Device_Event_Stub
                0x000005aa        0x2 src/LUFA/LUFA/Drivers/USB/Class/Device/CDCClassDevice.o
                0x000005aa                CDC_Device_Event_Stub
                0x000005aa                EVENT_CDC_Device_BreakSent
 .text.CDC_Device_ProcessControlRequest
                0x000005ac      0x140 src/LUFA/LUFA/Drivers/USB/Class/Device/CDCClassDevice.o
                0x000005ac                CDC_Device_ProcessControlRequest
 .text.Endpoint_Write_Control_Stream_LE
                0x000006ec       0xee src/LUFA/LUFA/Drivers/USB/Core/AVR8/EndpointStream_AVR8.o
                0x000006ec                Endpoint_Write_Control_Stream_LE
 .text.Endpoint_Write_Control_PStream_LE
                0x000007da       0xf4 src/LUFA/LUFA/Drivers/USB/Core/AVR8/EndpointStream_AVR8.o
                0x000007da                Endpoint_Write_Control_PStream_LE
 .text.Endpoint_ConfigureEndpoint_Prv
                0x000008ce       0xc8 src/LUFA/LUFA/Drivers/USB/Core/AVR8/Endpoint_AVR8.o
                0x000008ce                Endpoint_ConfigureEndpoint_Prv
 .text.Endpoint_ConfigureEndpointTable
                0x00000996       0xba src/LUFA/LUFA/Drivers/USB/Core/AVR8/Endpoint_AVR8.o
                0x00000996                Endpoint_ConfigureEndpointTable
 .text.Endpoint_ClearStatusStage
                0x00000a50       0x44 src/LUFA/LUFA/Drivers/USB/Core/AVR8/Endpoint_AVR8.o
                0x00000a50                Endpoint_ClearStatusStage
 .text.Endpoint_WaitUntilReady
                0x00000a94       0x82 src/LUFA/LUFA/Drivers/USB/Core/AVR8/Endpoint_AVR8.o
                0x00000a94                Endpoint_WaitUntilReady
 .text.USB_ResetInterface
                0x00000b16       0x88 src/LUFA/LUFA/Drivers/USB/Core/AVR8/USBController_AVR8.o
                0x00000b16                USB_ResetInterface
 .text.USB_Init
                0x00000b9e       0x1e src/LUFA/LUFA/Drivers/USB/Core/AVR8/USBController_AVR8.o
                0x00000b9e                USB_Init
 .text.USB_INT_DisableAllInterrupts
                0x00000bbc       0x10 src/LUFA/LUFA/Drivers/USB/Core/AVR8/USBInterrupt_AVR8.o
                0x00000bbc                USB_INT_DisableAllInterrupts
 .text.USB_INT_ClearAllInterrupts
                0x00000bcc        0xa src/LUFA/LUFA/Drivers/USB/Core/AVR8/USBInterrupt_AVR8.o
                0x00000bcc                USB_INT_ClearAllInterrupts
 .text.__vector_10
                0x00000bd6      0x186 src/LUFA/LUFA/Drivers/USB/Core/AVR8/USBInterrupt_AVR8.o
                0x00000bd6                __vector_10
 .text.__vector_11
                0x00000d5c       0x7e src/LUFA/LUFA/Drivers/USB/Core/AVR8/USBInterrupt_AVR8.o
                0x00000d5c                __vector_11
 .text.USB_Device_ProcessControlRequest
                0x00000dda      0x2d2 src/LUFA/LUFA/Drivers/USB/Core/DeviceStandardReq.o
                0x00000dda                USB_Device_ProcessControlRequest
 .text.USB_Event_Stub
                0x000010ac        0x2 src/LUFA/LUFA/Drivers/USB/Core/Events.o
                0x000010ac                USB_Event_Stub
                0x000010ac                EVENT_USB_Device_Suspend
                0x000010ac                EVENT_USB_Device_StartOfFrame
                0x000010ac                EVENT_USB_Device_Reset
                0x000010ac                EVENT_USB_Device_WakeUp
 .text.USB_USBTask
                0x000010ae       0x34 src/LUFA/LUFA/Drivers/USB/Core/USBTask.o
                0x000010ae                USB_USBTask
 .text.__vector_21
                0x000010e2      0x104 uMc.o
                0x000010e2                __vector_21
 .text.ApagarLeds
                0x000011e6       0x14 uMc.o
                0x000011e6                ApagarLeds
 .text.iniciaInterrupt5
                0x000011fa        0x4 uMc.o
                0x000011fa                iniciaInterrupt5
 .text.iniciaHardware
                0x000011fe       0x8e uMc.o
                0x000011fe                iniciaHardware
 .text.receberUSB
                0x0000128c       0xa4 uMc.o
                0x0000128c                receberUSB
 .text.enviarUSB
                0x00001330       0x9a uMc.o
                0x00001330                enviarUSB
 .text.envieUSB_string_nl
                0x000013ca       0xee uMc.o
                0x000013ca                envieUSB_string_nl
 .text.envieUSB_Char
                0x000014b8       0x5c uMc.o
                0x000014b8                envieUSB_Char
 .text.resetBuffer
                0x00001514       0x30 uMc.o
                0x00001514                resetBuffer
 .text.__vector_6
                0x00001544       0x8c uMc.o
                0x00001544                __vector_6
 .text.palavraLida
                0x000015d0      0x152 uMc.o
                0x000015d0                palavraLida
 .text.testeCom
                0x00001722       0x20 uMc.o
                0x00001722                testeCom
 .text.mc_conectado
                0x00001742       0x72 uMc.o
                0x00001742                mc_conectado
 .text.scratchCom
                0x000017b4       0x22 uMc.o
                0x000017b4                scratchCom
 .text.mc_executa
                0x000017d6      0x134 uMc.o
                0x000017d6                mc_executa
 .text.main     0x0000190a       0x34 uMc.o
                0x0000190a                main
 .text.EVENT_USB_Device_Connect
                0x0000193e        0x2 uMc.o
                0x0000193e                EVENT_USB_Device_Connect
 .text.EVENT_USB_Device_Disconnect
                0x00001940        0x6 uMc.o
                0x00001940                EVENT_USB_Device_Disconnect
 .text.EVENT_CDC_Device_ControLineStateChanged
                0x00001946       0x36 uMc.o
                0x00001946                EVENT_CDC_Device_ControLineStateChanged
 .text.EVENT_USB_Device_ConfigurationChanged
                0x0000197c        0xa uMc.o
                0x0000197c                EVENT_USB_Device_ConfigurationChanged
 .text.EVENT_USB_Device_ControlRequest
                0x00001986        0xa uMc.o
                0x00001986                EVENT_USB_Device_ControlRequest
 .text.EVENT_CDC_Device_LineEncodingChanged
                0x00001990       0xca uMc.o
                0x00001990                EVENT_CDC_Device_LineEncodingChanged
 .text.__vector_25
                0x00001a5a       0x9c uMc.o
                0x00001a5a                __vector_25
 .text.libgcc.div
                0x00001af6       0x44 c:/program files (x86)/atmel/atmel toolchain/avr8 gcc/native/3.4.1061/avr8-gnu-toolchain/bin/../lib/gcc/avr/4.8.1/avr51\libgcc.a(_udivmodsi4.o)
                0x00001af6                __udivmodsi4
 .text.avr-libc
                0x00001b3a       0x12 c:/program files (x86)/atmel/atmel toolchain/avr8 gcc/native/3.4.1061/avr8-gnu-toolchain/bin/../lib/gcc/avr/4.8.1/../../../../avr/lib/avr51\libc.a(strcmp.o)
                0x00001b3a                strcmp
                0x00001b4c                . = ALIGN (0x2)
 *(.fini9)
 .fini9         0x00001b4c        0x0 c:/program files (x86)/atmel/atmel toolchain/avr8 gcc/native/3.4.1061/avr8-gnu-toolchain/bin/../lib/gcc/avr/4.8.1/avr51\libgcc.a(_exit.o)
                0x00001b4c                _exit
                0x00001b4c                exit
 *(.fini9)
 *(.fini8)
 *(.fini8)
 *(.fini7)
 *(.fini7)
 *(.fini6)
 *(.fini6)
 *(.fini5)
 *(.fini5)
 *(.fini4)
 *(.fini4)
 *(.fini3)
 *(.fini3)
 *(.fini2)
 *(.fini2)
 *(.fini1)
 *(.fini1)
 *(.fini0)
 .fini0         0x00001b4c        0x4 c:/program files (x86)/atmel/atmel toolchain/avr8 gcc/native/3.4.1061/avr8-gnu-toolchain/bin/../lib/gcc/avr/4.8.1/avr51\libgcc.a(_exit.o)
 *(.fini0)
                0x00001b50                _etext = .

.data           0x00800100       0x26 load address 0x00001b50
                0x00800100                PROVIDE (__data_start, .)
 *(.data)
 *(.data*)
 .data.VirtualSerial_CDC_Interface
                0x00800100       0x1b uMc.o
                0x00800100                VirtualSerial_CDC_Interface
 *(.rodata)
 *(.rodata*)
 .rodata.str1.1
                0x0080011b        0xa uMc.o
 *(.gnu.linkonce.d*)
                0x00800126                . = ALIGN (0x2)
 *fill*         0x00800125        0x1 
                0x00800126                _edata = .
                0x00800126                PROVIDE (__data_end, .)

.bss            0x00800126      0x341
                0x00800126                PROVIDE (__bss_start, .)
 *(.bss)
 *(.bss*)
 .bss.PreviousDTRState.4420
                0x00800126        0x1 uMc.o
 .bss.status    0x00800127        0x1 uMc.o
                0x00800127                status
 .bss.cont_disc
                0x00800128        0x1 uMc.o
                0x00800128                cont_disc
 .bss.readingStage
                0x00800129        0x1 uMc.o
                0x00800129                readingStage
 .bss.USB_DadosParaEnviar_Buf
                0x0080012a       0x80 uMc.o
 .bss.USB_DadosParaEnviar_pt
                0x008001aa        0xc uMc.o
 .bss.USB_DadosRecebidos_Buf
                0x008001b6       0x80 uMc.o
 .bss.USB_DadosRecebidos_pt
                0x00800236        0xc uMc.o
 .bss.milliseconds
                0x00800242        0x4 uMc.o
                0x00800242                milliseconds
 .bss.palavraRecebida_pt
                0x00800246        0x1 uMc.o
                0x00800246                palavraRecebida_pt
 .bss.uMC_Modo  0x00800247        0x1 uMc.o
                0x00800247                uMC_Modo
 *(COMMON)
 COMMON         0x00800248      0x1fe src/PETE/LEGAL/maqVirtual.o
                0x00800248                registradores
 COMMON         0x00800446        0x3 src/LUFA/LUFA/Drivers/USB/Core/DeviceStandardReq.o
                0x00800446                USB_Device_ConfigurationNumber
                0x00800447                USB_Device_CurrentlySelfPowered
                0x00800448                USB_Device_RemoteWakeupEnabled
 COMMON         0x00800449        0x9 src/LUFA/LUFA/Drivers/USB/Core/USBTask.o
                0x00800449                USB_IsInitialized
                0x0080044a                USB_ControlRequest
 COMMON         0x00800452       0x15 uMc.o
                0x00800452                baterias
                0x00800453                palavraRecebida
                0x00800467                PROVIDE (__bss_end, .)
                0x00001b50                __data_load_start = LOADADDR (.data)
                0x00001b76                __data_load_end = (__data_load_start + SIZEOF (.data))

.noinit         0x00800467        0x0
                0x00800467                PROVIDE (__noinit_start, .)
 *(.noinit*)
                0x00800467                PROVIDE (__noinit_end, .)
                0x00800467                _end = .
                0x00800467                PROVIDE (__heap_start, .)

.eeprom         0x00810000        0x0
 *(.eeprom*)
                0x00810000                __eeprom_end = .

.fuse
 *(.fuse)
 *(.lfuse)
 *(.hfuse)
 *(.efuse)

.lock
 *(.lock*)

.signature
 *(.signature*)

.user_signatures
 *(.user_signatures*)

.stab
 *(.stab)

.stabstr
 *(.stabstr)

.stab.excl
 *(.stab.excl)

.stab.exclstr
 *(.stab.exclstr)

.stab.index
 *(.stab.index)

.stab.indexstr
 *(.stab.indexstr)

.comment        0x00000000       0x30
 *(.comment)
 .comment       0x00000000       0x30 Descriptors.o
                                 0x31 (size before relaxing)
 .comment       0x00000000       0x31 src/PETE/LEGAL/comandosAtuadores.o
 .comment       0x00000000       0x31 src/PETE/LEGAL/maqVirtual.o
 .comment       0x00000000       0x31 src/PETE/uMc/AD.o
 .comment       0x00000000       0x31 src/PETE/uMc/digitalIO.o
 .comment       0x00000000       0x31 src/PETE/uMc/Misc.o
 .comment       0x00000000       0x31 src/PETE/uMc/motoresDc.o
 .comment       0x00000000       0x31 src/PETE/uMc/servo.o
 .comment       0x00000000       0x31 src/PETE/uMc/som.o
 .comment       0x00000000       0x31 src/PETE/uMc/USART.o
 .comment       0x00000000       0x31 src/LUFA/LUFA/Drivers/USB/Class/Device/CDCClassDevice.o
 .comment       0x00000000       0x31 src/LUFA/LUFA/Drivers/USB/Core/AVR8/EndpointStream_AVR8.o
 .comment       0x00000000       0x31 src/LUFA/LUFA/Drivers/USB/Core/AVR8/Endpoint_AVR8.o
 .comment       0x00000000       0x31 src/LUFA/LUFA/Drivers/USB/Core/AVR8/USBController_AVR8.o
 .comment       0x00000000       0x31 src/LUFA/LUFA/Drivers/USB/Core/AVR8/USBInterrupt_AVR8.o
 .comment       0x00000000       0x31 src/LUFA/LUFA/Drivers/USB/Core/DeviceStandardReq.o
 .comment       0x00000000       0x31 src/LUFA/LUFA/Drivers/USB/Core/Events.o
 .comment       0x00000000       0x31 src/LUFA/LUFA/Drivers/USB/Core/USBTask.o
 .comment       0x00000000       0x31 uMc.o

.note.gnu.build-id
 *(.note.gnu.build-id)

.debug
 *(.debug)

.line
 *(.line)

.debug_srcinfo
 *(.debug_srcinfo)

.debug_sfnames
 *(.debug_sfnames)

.debug_aranges  0x00000000      0x5b0
 *(.debug_aranges)
 .debug_aranges
                0x00000000       0x20 Descriptors.o
 .debug_aranges
                0x00000020       0x40 src/PETE/LEGAL/comandosAtuadores.o
 .debug_aranges
                0x00000060       0x48 src/PETE/LEGAL/maqVirtual.o
 .debug_aranges
                0x000000a8       0x58 src/PETE/uMc/AD.o
 .debug_aranges
                0x00000100       0x28 src/PETE/uMc/digitalIO.o
 .debug_aranges
                0x00000128       0x28 src/PETE/uMc/Misc.o
 .debug_aranges
                0x00000150       0x20 src/PETE/uMc/motoresDc.o
 .debug_aranges
                0x00000170       0x20 src/PETE/uMc/servo.o
 .debug_aranges
                0x00000190       0x28 src/PETE/uMc/som.o
 .debug_aranges
                0x000001b8       0x80 src/PETE/uMc/USART.o
 .debug_aranges
                0x00000238       0x98 src/LUFA/LUFA/Drivers/USB/Class/Device/CDCClassDevice.o
 .debug_aranges
                0x000002d0       0xc8 src/LUFA/LUFA/Drivers/USB/Core/AVR8/EndpointStream_AVR8.o
 .debug_aranges
                0x00000398       0x40 src/LUFA/LUFA/Drivers/USB/Core/AVR8/Endpoint_AVR8.o
 .debug_aranges
                0x000003d8       0x30 src/LUFA/LUFA/Drivers/USB/Core/AVR8/USBController_AVR8.o
 .debug_aranges
                0x00000408       0x38 src/LUFA/LUFA/Drivers/USB/Core/AVR8/USBInterrupt_AVR8.o
 .debug_aranges
                0x00000440       0x20 src/LUFA/LUFA/Drivers/USB/Core/DeviceStandardReq.o
 .debug_aranges
                0x00000460       0x20 src/LUFA/LUFA/Drivers/USB/Core/Events.o
 .debug_aranges
                0x00000480       0x20 src/LUFA/LUFA/Drivers/USB/Core/USBTask.o
 .debug_aranges
                0x000004a0      0x110 uMc.o

.debug_pubnames
 *(.debug_pubnames)

.debug_info     0x00000000     0x85a5
 *(.debug_info .gnu.linkonce.wi.*)
 .debug_info    0x00000000      0x780 Descriptors.o
 .debug_info    0x00000780      0x1d3 src/PETE/LEGAL/comandosAtuadores.o
 .debug_info    0x00000953      0x27b src/PETE/LEGAL/maqVirtual.o
 .debug_info    0x00000bce      0x225 src/PETE/uMc/AD.o
 .debug_info    0x00000df3       0x9b src/PETE/uMc/digitalIO.o
 .debug_info    0x00000e8e      0x152 src/PETE/uMc/Misc.o
 .debug_info    0x00000fe0       0x91 src/PETE/uMc/motoresDc.o
 .debug_info    0x00001071       0x92 src/PETE/uMc/servo.o
 .debug_info    0x00001103      0x147 src/PETE/uMc/som.o
 .debug_info    0x0000124a      0x526 src/PETE/uMc/USART.o
 .debug_info    0x00001770      0xe5e src/LUFA/LUFA/Drivers/USB/Class/Device/CDCClassDevice.o
 .debug_info    0x000025ce     0x178e src/LUFA/LUFA/Drivers/USB/Core/AVR8/EndpointStream_AVR8.o
 .debug_info    0x00003d5c      0x600 src/LUFA/LUFA/Drivers/USB/Core/AVR8/Endpoint_AVR8.o
 .debug_info    0x0000435c      0x4bc src/LUFA/LUFA/Drivers/USB/Core/AVR8/USBController_AVR8.o
 .debug_info    0x00004818      0x7b6 src/LUFA/LUFA/Drivers/USB/Core/AVR8/USBInterrupt_AVR8.o
 .debug_info    0x00004fce      0xa7a src/LUFA/LUFA/Drivers/USB/Core/DeviceStandardReq.o
 .debug_info    0x00005a48       0x7c src/LUFA/LUFA/Drivers/USB/Core/Events.o
 .debug_info    0x00005ac4      0x258 src/LUFA/LUFA/Drivers/USB/Core/USBTask.o
 .debug_info    0x00005d1c     0x2889 uMc.o

.debug_abbrev   0x00000000     0x1deb
 *(.debug_abbrev)
 .debug_abbrev  0x00000000      0x139 Descriptors.o
 .debug_abbrev  0x00000139      0x101 src/PETE/LEGAL/comandosAtuadores.o
 .debug_abbrev  0x0000023a      0x163 src/PETE/LEGAL/maqVirtual.o
 .debug_abbrev  0x0000039d       0xf8 src/PETE/uMc/AD.o
 .debug_abbrev  0x00000495       0x52 src/PETE/uMc/digitalIO.o
 .debug_abbrev  0x000004e7       0x8c src/PETE/uMc/Misc.o
 .debug_abbrev  0x00000573       0x52 src/PETE/uMc/motoresDc.o
 .debug_abbrev  0x000005c5       0x54 src/PETE/uMc/servo.o
 .debug_abbrev  0x00000619       0xe1 src/PETE/uMc/som.o
 .debug_abbrev  0x000006fa      0x16b src/PETE/uMc/USART.o
 .debug_abbrev  0x00000865      0x411 src/LUFA/LUFA/Drivers/USB/Class/Device/CDCClassDevice.o
 .debug_abbrev  0x00000c76      0x200 src/LUFA/LUFA/Drivers/USB/Core/AVR8/EndpointStream_AVR8.o
 .debug_abbrev  0x00000e76      0x21c src/LUFA/LUFA/Drivers/USB/Core/AVR8/Endpoint_AVR8.o
 .debug_abbrev  0x00001092      0x18b src/LUFA/LUFA/Drivers/USB/Core/AVR8/USBController_AVR8.o
 .debug_abbrev  0x0000121d      0x230 src/LUFA/LUFA/Drivers/USB/Core/AVR8/USBInterrupt_AVR8.o
 .debug_abbrev  0x0000144d      0x2c7 src/LUFA/LUFA/Drivers/USB/Core/DeviceStandardReq.o
 .debug_abbrev  0x00001714       0x47 src/LUFA/LUFA/Drivers/USB/Core/Events.o
 .debug_abbrev  0x0000175b      0x16b src/LUFA/LUFA/Drivers/USB/Core/USBTask.o
 .debug_abbrev  0x000018c6      0x525 uMc.o

.debug_line     0x00000000     0xc69a
 *(.debug_line .debug_line.* .debug_line_end)
 .debug_line    0x00000000      0xcd6 Descriptors.o
 .debug_line    0x00000cd6      0x45f src/PETE/LEGAL/comandosAtuadores.o
 .debug_line    0x00001135      0x44d src/PETE/LEGAL/maqVirtual.o
 .debug_line    0x00001582      0x4fb src/PETE/uMc/AD.o
 .debug_line    0x00001a7d      0x26f src/PETE/uMc/digitalIO.o
 .debug_line    0x00001cec      0x38a src/PETE/uMc/Misc.o
 .debug_line    0x00002076      0x29b src/PETE/uMc/motoresDc.o
 .debug_line    0x00002311      0x257 src/PETE/uMc/servo.o
 .debug_line    0x00002568      0x32a src/PETE/uMc/som.o
 .debug_line    0x00002892      0x56e src/PETE/uMc/USART.o
 .debug_line    0x00002e00     0x13bd src/LUFA/LUFA/Drivers/USB/Class/Device/CDCClassDevice.o
 .debug_line    0x000041bd     0x20b4 src/LUFA/LUFA/Drivers/USB/Core/AVR8/EndpointStream_AVR8.o
 .debug_line    0x00006271      0xcc2 src/LUFA/LUFA/Drivers/USB/Core/AVR8/Endpoint_AVR8.o
 .debug_line    0x00006f33      0x8e2 src/LUFA/LUFA/Drivers/USB/Core/AVR8/USBController_AVR8.o
 .debug_line    0x00007815      0xb7e src/LUFA/LUFA/Drivers/USB/Core/AVR8/USBInterrupt_AVR8.o
 .debug_line    0x00008393      0xa8f src/LUFA/LUFA/Drivers/USB/Core/DeviceStandardReq.o
 .debug_line    0x00008e22      0x484 src/LUFA/LUFA/Drivers/USB/Core/Events.o
 .debug_line    0x000092a6      0x804 src/LUFA/LUFA/Drivers/USB/Core/USBTask.o
 .debug_line    0x00009aaa     0x2bf0 uMc.o

.debug_frame    0x00000000     0x1204
 *(.debug_frame)
 .debug_frame   0x00000000       0x24 Descriptors.o
 .debug_frame   0x00000024       0x64 src/PETE/LEGAL/comandosAtuadores.o
 .debug_frame   0x00000088       0xa0 src/PETE/LEGAL/maqVirtual.o
 .debug_frame   0x00000128       0x94 src/PETE/uMc/AD.o
 .debug_frame   0x000001bc       0x34 src/PETE/uMc/digitalIO.o
 .debug_frame   0x000001f0       0x34 src/PETE/uMc/Misc.o
 .debug_frame   0x00000224       0x24 src/PETE/uMc/motoresDc.o
 .debug_frame   0x00000248       0x24 src/PETE/uMc/servo.o
 .debug_frame   0x0000026c       0x34 src/PETE/uMc/som.o
 .debug_frame   0x000002a0      0x194 src/PETE/uMc/USART.o
 .debug_frame   0x00000434      0x168 src/LUFA/LUFA/Drivers/USB/Class/Device/CDCClassDevice.o
 .debug_frame   0x0000059c      0x5b4 src/LUFA/LUFA/Drivers/USB/Core/AVR8/EndpointStream_AVR8.o
 .debug_frame   0x00000b50       0xec src/LUFA/LUFA/Drivers/USB/Core/AVR8/Endpoint_AVR8.o
 .debug_frame   0x00000c3c       0x58 src/LUFA/LUFA/Drivers/USB/Core/AVR8/USBController_AVR8.o
 .debug_frame   0x00000c94       0xe8 src/LUFA/LUFA/Drivers/USB/Core/AVR8/USBInterrupt_AVR8.o
 .debug_frame   0x00000d7c       0x40 src/LUFA/LUFA/Drivers/USB/Core/DeviceStandardReq.o
 .debug_frame   0x00000dbc       0x24 src/LUFA/LUFA/Drivers/USB/Core/Events.o
 .debug_frame   0x00000de0       0x2c src/LUFA/LUFA/Drivers/USB/Core/USBTask.o
 .debug_frame   0x00000e0c      0x3f8 uMc.o

.debug_str      0x00000000    0x1a98d
 *(.debug_str)
 .debug_str     0x00000000    0x14ad0 Descriptors.o
                              0x14e64 (size before relaxing)
 .debug_str     0x00014ad0     0x1bff src/PETE/LEGAL/comandosAtuadores.o
                               0x9393 (size before relaxing)
 .debug_str     0x000166cf      0xa3d src/PETE/LEGAL/maqVirtual.o
                               0x9b7c (size before relaxing)
 .debug_str     0x0001710c       0x88 src/PETE/uMc/AD.o
                               0x7fa8 (size before relaxing)
 .debug_str     0x00017194       0x36 src/PETE/uMc/digitalIO.o
                               0x8a05 (size before relaxing)
 .debug_str     0x000171ca      0x447 src/PETE/uMc/Misc.o
                               0x9e97 (size before relaxing)
 .debug_str     0x00017611       0x1c src/PETE/uMc/motoresDc.o
                               0x78cd (size before relaxing)
 .debug_str     0x0001762d       0x18 src/PETE/uMc/servo.o
                               0x755b (size before relaxing)
 .debug_str     0x00017645       0x33 src/PETE/uMc/som.o
                               0x795f (size before relaxing)
 .debug_str     0x00017678      0x106 src/PETE/uMc/USART.o
                               0x75b0 (size before relaxing)
 .debug_str     0x0001777e      0x814 src/LUFA/LUFA/Drivers/USB/Class/Device/CDCClassDevice.o
                              0x14cb4 (size before relaxing)
 .debug_str     0x00017f92      0x8b1 src/LUFA/LUFA/Drivers/USB/Core/AVR8/EndpointStream_AVR8.o
                               0xf06c (size before relaxing)
 .debug_str     0x00018843      0x1c6 src/LUFA/LUFA/Drivers/USB/Core/AVR8/Endpoint_AVR8.o
                               0xe716 (size before relaxing)
 .debug_str     0x00018a09      0x2ad src/LUFA/LUFA/Drivers/USB/Core/AVR8/USBController_AVR8.o
                               0xe676 (size before relaxing)
 .debug_str     0x00018cb6      0x1e1 src/LUFA/LUFA/Drivers/USB/Core/AVR8/USBInterrupt_AVR8.o
                               0xe6d4 (size before relaxing)
 .debug_str     0x00018e97      0x475 src/LUFA/LUFA/Drivers/USB/Core/DeviceStandardReq.o
                               0xeae7 (size before relaxing)
 .debug_str     0x0001930c       0x53 src/LUFA/LUFA/Drivers/USB/Core/Events.o
                               0xd87b (size before relaxing)
 .debug_str     0x0001935f       0x62 src/LUFA/LUFA/Drivers/USB/Core/USBTask.o
                               0xe495 (size before relaxing)
 .debug_str     0x000193c1     0x15cc uMc.o
                              0x18871 (size before relaxing)

.debug_loc      0x00000000     0x65df
 *(.debug_loc)
 .debug_loc     0x00000000      0x226 Descriptors.o
 .debug_loc     0x00000226       0x67 src/PETE/LEGAL/comandosAtuadores.o
 .debug_loc     0x0000028d      0x172 src/PETE/LEGAL/maqVirtual.o
 .debug_loc     0x000003ff      0x27b src/PETE/uMc/AD.o
 .debug_loc     0x0000067a       0x8d src/PETE/uMc/som.o
 .debug_loc     0x00000707      0x73d src/PETE/uMc/USART.o
 .debug_loc     0x00000e44      0x884 src/LUFA/LUFA/Drivers/USB/Class/Device/CDCClassDevice.o
 .debug_loc     0x000016c8     0x2859 src/LUFA/LUFA/Drivers/USB/Core/AVR8/EndpointStream_AVR8.o
 .debug_loc     0x00003f21      0x62c src/LUFA/LUFA/Drivers/USB/Core/AVR8/Endpoint_AVR8.o
 .debug_loc     0x0000454d       0x49 src/LUFA/LUFA/Drivers/USB/Core/AVR8/USBController_AVR8.o
 .debug_loc     0x00004596      0x333 src/LUFA/LUFA/Drivers/USB/Core/AVR8/USBInterrupt_AVR8.o
 .debug_loc     0x000048c9      0x2ed src/LUFA/LUFA/Drivers/USB/Core/DeviceStandardReq.o
 .debug_loc     0x00004bb6       0x49 src/LUFA/LUFA/Drivers/USB/Core/USBTask.o
 .debug_loc     0x00004bff     0x19e0 uMc.o

.debug_macinfo
 *(.debug_macinfo)

.debug_weaknames
 *(.debug_weaknames)

.debug_funcnames
 *(.debug_funcnames)

.debug_typenames
 *(.debug_typenames)

.debug_varnames
 *(.debug_varnames)

.debug_pubtypes
 *(.debug_pubtypes)

.debug_ranges   0x00000000     0x1310
 *(.debug_ranges)
 .debug_ranges  0x00000000       0x10 Descriptors.o
 .debug_ranges  0x00000010       0x30 src/PETE/LEGAL/comandosAtuadores.o
 .debug_ranges  0x00000040       0x50 src/PETE/LEGAL/maqVirtual.o
 .debug_ranges  0x00000090       0x48 src/PETE/uMc/AD.o
 .debug_ranges  0x000000d8       0x18 src/PETE/uMc/digitalIO.o
 .debug_ranges  0x000000f0       0x18 src/PETE/uMc/Misc.o
 .debug_ranges  0x00000108       0x10 src/PETE/uMc/motoresDc.o
 .debug_ranges  0x00000118       0x10 src/PETE/uMc/servo.o
 .debug_ranges  0x00000128       0x18 src/PETE/uMc/som.o
 .debug_ranges  0x00000140       0x70 src/PETE/uMc/USART.o
 .debug_ranges  0x000001b0       0x88 src/LUFA/LUFA/Drivers/USB/Class/Device/CDCClassDevice.o
 .debug_ranges  0x00000238      0xa38 src/LUFA/LUFA/Drivers/USB/Core/AVR8/EndpointStream_AVR8.o
 .debug_ranges  0x00000c70      0x1c8 src/LUFA/LUFA/Drivers/USB/Core/AVR8/Endpoint_AVR8.o
 .debug_ranges  0x00000e38       0x20 src/LUFA/LUFA/Drivers/USB/Core/AVR8/USBController_AVR8.o
 .debug_ranges  0x00000e58       0x28 src/LUFA/LUFA/Drivers/USB/Core/AVR8/USBInterrupt_AVR8.o
 .debug_ranges  0x00000e80       0x58 src/LUFA/LUFA/Drivers/USB/Core/DeviceStandardReq.o
 .debug_ranges  0x00000ed8       0x10 src/LUFA/LUFA/Drivers/USB/Core/Events.o
 .debug_ranges  0x00000ee8       0x10 src/LUFA/LUFA/Drivers/USB/Core/USBTask.o
 .debug_ranges  0x00000ef8      0x418 uMc.o

.debug_macro    0x00000000     0x8c0f
 *(.debug_macro)
 .debug_macro   0x00000000      0x446 Descriptors.o
 .debug_macro   0x00000446      0xa6c Descriptors.o
 .debug_macro   0x00000eb2       0x10 Descriptors.o
 .debug_macro   0x00000ec2      0x1ad Descriptors.o
 .debug_macro   0x0000106f      0x293 Descriptors.o
 .debug_macro   0x00001302       0x89 Descriptors.o
 .debug_macro   0x0000138b       0xaa Descriptors.o
 .debug_macro   0x00001435     0x18ff Descriptors.o
 .debug_macro   0x00002d34       0xe2 Descriptors.o
 .debug_macro   0x00002e16      0x1e0 Descriptors.o
 .debug_macro   0x00002ff6       0xcb Descriptors.o
 .debug_macro   0x000030c1       0x34 Descriptors.o
 .debug_macro   0x000030f5       0x18 Descriptors.o
 .debug_macro   0x0000310d       0x6c Descriptors.o
 .debug_macro   0x00003179      0x181 Descriptors.o
 .debug_macro   0x000032fa       0x12 Descriptors.o
 .debug_macro   0x0000330c       0x10 Descriptors.o
 .debug_macro   0x0000331c       0x22 Descriptors.o
 .debug_macro   0x0000333e       0x16 Descriptors.o
 .debug_macro   0x00003354       0x20 Descriptors.o
 .debug_macro   0x00003374       0xef Descriptors.o
 .debug_macro   0x00003463       0x22 Descriptors.o
 .debug_macro   0x00003485      0x199 Descriptors.o
 .debug_macro   0x0000361e       0x2f Descriptors.o
 .debug_macro   0x0000364d       0x1c Descriptors.o
 .debug_macro   0x00003669       0x68 Descriptors.o
 .debug_macro   0x000036d1       0x34 Descriptors.o
 .debug_macro   0x00003705       0x69 Descriptors.o
 .debug_macro   0x0000376e       0x88 Descriptors.o
 .debug_macro   0x000037f6       0x35 Descriptors.o
 .debug_macro   0x0000382b      0x10c Descriptors.o
 .debug_macro   0x00003937      0x160 Descriptors.o
 .debug_macro   0x00003a97      0x167 Descriptors.o
 .debug_macro   0x00003bfe       0x10 Descriptors.o
 .debug_macro   0x00003c0e       0x1c Descriptors.o
 .debug_macro   0x00003c2a       0x86 Descriptors.o
 .debug_macro   0x00003cb0       0x3c Descriptors.o
 .debug_macro   0x00003cec       0x20 Descriptors.o
 .debug_macro   0x00003d0c       0x4d Descriptors.o
 .debug_macro   0x00003d59       0x73 Descriptors.o
 .debug_macro   0x00003dcc       0x16 Descriptors.o
 .debug_macro   0x00003de2       0x12 Descriptors.o
 .debug_macro   0x00003df4       0x22 Descriptors.o
 .debug_macro   0x00003e16       0x64 Descriptors.o
 .debug_macro   0x00003e7a       0x41 Descriptors.o
 .debug_macro   0x00003ebb       0x12 Descriptors.o
 .debug_macro   0x00003ecd       0x10 Descriptors.o
 .debug_macro   0x00003edd       0x1c Descriptors.o
 .debug_macro   0x00003ef9       0x16 Descriptors.o
 .debug_macro   0x00003f0f       0x16 Descriptors.o
 .debug_macro   0x00003f25      0x12c Descriptors.o
 .debug_macro   0x00004051       0x16 Descriptors.o
 .debug_macro   0x00004067       0x46 Descriptors.o
 .debug_macro   0x000040ad       0x58 Descriptors.o
 .debug_macro   0x00004105       0x10 Descriptors.o
 .debug_macro   0x00004115       0x35 Descriptors.o
 .debug_macro   0x0000414a       0xeb Descriptors.o
 .debug_macro   0x00004235       0x16 Descriptors.o
 .debug_macro   0x0000424b      0x154 Descriptors.o
 .debug_macro   0x0000439f       0x2a Descriptors.o
 .debug_macro   0x000043c9      0x6ce Descriptors.o
 .debug_macro   0x00004a97       0x16 Descriptors.o
 .debug_macro   0x00004aad      0x132 Descriptors.o
 .debug_macro   0x00004bdf       0x16 Descriptors.o
 .debug_macro   0x00004bf5       0x10 Descriptors.o
 .debug_macro   0x00004c05       0x6c Descriptors.o
 .debug_macro   0x00004c71       0x16 Descriptors.o
 .debug_macro   0x00004c87       0x1c Descriptors.o
 .debug_macro   0x00004ca3       0x16 Descriptors.o
 .debug_macro   0x00004cb9       0x10 Descriptors.o
 .debug_macro   0x00004cc9      0x1be Descriptors.o
 .debug_macro   0x00004e87       0x16 Descriptors.o
 .debug_macro   0x00004e9d       0x22 Descriptors.o
 .debug_macro   0x00004ebf       0xd9 src/PETE/LEGAL/comandosAtuadores.o
 .debug_macro   0x00004f98      0x16d src/PETE/LEGAL/comandosAtuadores.o
 .debug_macro   0x00005105      0x70c src/PETE/LEGAL/comandosAtuadores.o
 .debug_macro   0x00005811      0x154 src/PETE/LEGAL/comandosAtuadores.o
 .debug_macro   0x00005965      0x103 src/PETE/LEGAL/maqVirtual.o
 .debug_macro   0x00005a68       0x65 src/PETE/LEGAL/maqVirtual.o
 .debug_macro   0x00005acd       0x94 src/PETE/LEGAL/maqVirtual.o
 .debug_macro   0x00005b61      0x712 src/PETE/LEGAL/maqVirtual.o
 .debug_macro   0x00006273       0x10 src/PETE/LEGAL/maqVirtual.o
 .debug_macro   0x00006283       0xd3 src/PETE/uMc/AD.o
 .debug_macro   0x00006356       0xa5 src/PETE/uMc/digitalIO.o
 .debug_macro   0x000063fb      0x12c src/PETE/uMc/Misc.o
 .debug_macro   0x00006527       0xe2 src/PETE/uMc/Misc.o
 .debug_macro   0x00006609       0x1c src/PETE/uMc/Misc.o
 .debug_macro   0x00006625       0x2e src/PETE/uMc/Misc.o
 .debug_macro   0x00006653       0x16 src/PETE/uMc/Misc.o
 .debug_macro   0x00006669       0x70 src/PETE/uMc/Misc.o
 .debug_macro   0x000066d9       0xa5 src/PETE/uMc/motoresDc.o
 .debug_macro   0x0000677e      0x14e src/PETE/uMc/motoresDc.o
 .debug_macro   0x000068cc       0xa5 src/PETE/uMc/servo.o
 .debug_macro   0x00006971       0x6a src/PETE/uMc/servo.o
 .debug_macro   0x000069db       0xca src/PETE/uMc/som.o
 .debug_macro   0x00006aa5       0xa8 src/PETE/uMc/USART.o
 .debug_macro   0x00006b4d      0x44f src/LUFA/LUFA/Drivers/USB/Class/Device/CDCClassDevice.o
 .debug_macro   0x00006f9c      0x61b src/LUFA/LUFA/Drivers/USB/Core/AVR8/EndpointStream_AVR8.o
 .debug_macro   0x000075b7       0x28 src/LUFA/LUFA/Drivers/USB/Core/AVR8/EndpointStream_AVR8.o
 .debug_macro   0x000075df       0x1c src/LUFA/LUFA/Drivers/USB/Core/AVR8/EndpointStream_AVR8.o
 .debug_macro   0x000075fb       0x1c src/LUFA/LUFA/Drivers/USB/Core/AVR8/EndpointStream_AVR8.o
 .debug_macro   0x00007617      0x2b2 src/LUFA/LUFA/Drivers/USB/Core/AVR8/Endpoint_AVR8.o
 .debug_macro   0x000078c9       0x10 src/LUFA/LUFA/Drivers/USB/Core/AVR8/Endpoint_AVR8.o
 .debug_macro   0x000078d9      0x284 src/LUFA/LUFA/Drivers/USB/Core/AVR8/USBController_AVR8.o
 .debug_macro   0x00007b5d       0x79 src/LUFA/LUFA/Drivers/USB/Core/AVR8/USBController_AVR8.o
 .debug_macro   0x00007bd6      0x28c src/LUFA/LUFA/Drivers/USB/Core/AVR8/USBInterrupt_AVR8.o
 .debug_macro   0x00007e62      0x28a src/LUFA/LUFA/Drivers/USB/Core/DeviceStandardReq.o
 .debug_macro   0x000080ec      0x191 src/LUFA/LUFA/Drivers/USB/Core/Events.o
 .debug_macro   0x0000827d      0x290 src/LUFA/LUFA/Drivers/USB/Core/USBTask.o
 .debug_macro   0x0000850d      0x588 uMc.o
 .debug_macro   0x00008a95       0x76 uMc.o
 .debug_macro   0x00008b0b       0x9d uMc.o
 .debug_macro   0x00008ba8       0x12 uMc.o
 .debug_macro   0x00008bba       0x27 uMc.o
 .debug_macro   0x00008be1       0x2e uMc.o
OUTPUT(LUFA_PROJECTS_USB_TO_SERIAL3_6_2.elf elf32-avr)
LOAD linker stubs
