Archive member included because of file (symbol)

c:/program files (x86)/atmel/atmel toolchain/avr8 gcc/native/3.4.1061/avr8-gnu-toolchain/bin/../lib/gcc/avr/4.8.1/avr51\libgcc.a(_udivmodqi4.o)
                              src/PETE/uMc/USART.o (__udivmodqi4)
c:/program files (x86)/atmel/atmel toolchain/avr8 gcc/native/3.4.1061/avr8-gnu-toolchain/bin/../lib/gcc/avr/4.8.1/avr51\libgcc.a(_divmodqi4.o)
                              uMc.o (__divmodqi4)
c:/program files (x86)/atmel/atmel toolchain/avr8 gcc/native/3.4.1061/avr8-gnu-toolchain/bin/../lib/gcc/avr/4.8.1/avr51\libgcc.a(_udivmodhi4.o)
                              src/PETE/uMc/USART.o (__udivmodhi4)
c:/program files (x86)/atmel/atmel toolchain/avr8 gcc/native/3.4.1061/avr8-gnu-toolchain/bin/../lib/gcc/avr/4.8.1/avr51\libgcc.a(_divmodhi4.o)
                              uMc.o (__divmodhi4)
c:/program files (x86)/atmel/atmel toolchain/avr8 gcc/native/3.4.1061/avr8-gnu-toolchain/bin/../lib/gcc/avr/4.8.1/avr51\libgcc.a(_udivmodsi4.o)
                              uMc.o (__udivmodsi4)
c:/program files (x86)/atmel/atmel toolchain/avr8 gcc/native/3.4.1061/avr8-gnu-toolchain/bin/../lib/gcc/avr/4.8.1/avr51\libgcc.a(_exit.o)
                              c:/program files (x86)/atmel/atmel toolchain/avr8 gcc/native/3.4.1061/avr8-gnu-toolchain/bin/../lib/gcc/avr/4.8.1/../../../../avr/lib/avr51/crtusb1287.o (exit)
c:/program files (x86)/atmel/atmel toolchain/avr8 gcc/native/3.4.1061/avr8-gnu-toolchain/bin/../lib/gcc/avr/4.8.1/avr51\libgcc.a(_copy_data.o)
                              src/LUFA/LUFA/Drivers/USB/Class/Device/CDCClassDevice.o (__do_copy_data)
c:/program files (x86)/atmel/atmel toolchain/avr8 gcc/native/3.4.1061/avr8-gnu-toolchain/bin/../lib/gcc/avr/4.8.1/avr51\libgcc.a(_clear_bss.o)
                              src/PETE/LEGAL/maqVirtual.o (__do_clear_bss)
c:/program files (x86)/atmel/atmel toolchain/avr8 gcc/native/3.4.1061/avr8-gnu-toolchain/bin/../lib/gcc/avr/4.8.1/../../../../avr/lib/avr51\libc.a(memcpy_P.o)
                              src/LUFA/LUFA/Drivers/USB/Class/Device/RNDISClassDevice.o (memcpy_P)
c:/program files (x86)/atmel/atmel toolchain/avr8 gcc/native/3.4.1061/avr8-gnu-toolchain/bin/../lib/gcc/avr/4.8.1/../../../../avr/lib/avr51\libc.a(memcmp.o)
                              src/LUFA/LUFA/Drivers/USB/Class/Device/HIDClassDevice.o (memcmp)
c:/program files (x86)/atmel/atmel toolchain/avr8 gcc/native/3.4.1061/avr8-gnu-toolchain/bin/../lib/gcc/avr/4.8.1/../../../../avr/lib/avr51\libc.a(memcpy.o)
                              src/LUFA/LUFA/Drivers/USB/Class/Device/HIDClassDevice.o (memcpy)
c:/program files (x86)/atmel/atmel toolchain/avr8 gcc/native/3.4.1061/avr8-gnu-toolchain/bin/../lib/gcc/avr/4.8.1/../../../../avr/lib/avr51\libc.a(memset.o)
                              src/LUFA/LUFA/Drivers/USB/Class/Device/HIDClassDevice.o (memset)
c:/program files (x86)/atmel/atmel toolchain/avr8 gcc/native/3.4.1061/avr8-gnu-toolchain/bin/../lib/gcc/avr/4.8.1/../../../../avr/lib/avr51\libc.a(strcmp.o)
                              uMc.o (strcmp)
c:/program files (x86)/atmel/atmel toolchain/avr8 gcc/native/3.4.1061/avr8-gnu-toolchain/bin/../lib/gcc/avr/4.8.1/../../../../avr/lib/avr51\libc.a(iob.o)
                              src/LUFA/LUFA/Drivers/Peripheral/AVR8/Serial_AVR8.o (__iob)
c:/program files (x86)/atmel/atmel toolchain/avr8 gcc/native/3.4.1061/avr8-gnu-toolchain/bin/../lib/gcc/avr/4.8.1/../../../../avr/lib/avr51\libc.a(eerd_byte_at90usb1287.o)
                              src/LUFA/LUFA/Drivers/USB/Core/AVR8/EndpointStream_AVR8.o (__eerd_byte_usb1287)
c:/program files (x86)/atmel/atmel toolchain/avr8 gcc/native/3.4.1061/avr8-gnu-toolchain/bin/../lib/gcc/avr/4.8.1/../../../../avr/lib/avr51\libc.a(eeupd_byte_at90usb1287.o)
                              src/LUFA/LUFA/Drivers/USB/Core/AVR8/EndpointStream_AVR8.o (__eeupd_byte_usb1287)

Allocating common symbols
Common symbol       size              file

baterias            0x1               uMc.o
USB_IsInitialized   0x1               src/LUFA/LUFA/Drivers/USB/Core/USBTask.o
registradores       0x1fe             src/PETE/LEGAL/maqVirtual.o
valsv1              0x2               uMc.o
v11                 0x1               uMc.o
USB_Device_ConfigurationNumber
                    0x1               src/LUFA/LUFA/Drivers/USB/Core/DeviceStandardReq.o
v10                 0x1               uMc.o
v12                 0x1               uMc.o
USB_Device_CurrentlySelfPowered
                    0x1               src/LUFA/LUFA/Drivers/USB/Core/DeviceStandardReq.o
USARTSerialStream   0xe               src/LUFA/LUFA/Drivers/Peripheral/AVR8/Serial_AVR8.o
USB_ControlRequest  0x8               src/LUFA/LUFA/Drivers/USB/Core/USBTask.o
USB_Device_RemoteWakeupEnabled
                    0x1               src/LUFA/LUFA/Drivers/USB/Core/DeviceStandardReq.o
valsv2              0x2               uMc.o
palavraRecebida     0x14              uMc.o
v13                 0x1               uMc.o
[...]
Memory Configuration

Name             Origin             Length             Attributes
text             0x00000000         0x00020000         xr
data             0x00800100         0x0000ff00         rw !x
eeprom           0x00810000         0x00010000         rw !x
fuse             0x00820000         0x00000400         rw !x
lock             0x00830000         0x00000400         rw !x
signature        0x00840000         0x00000400         rw !x
user_signatures  0x00850000         0x00000400         rw !x
*default*        0x00000000         0xffffffff

Linker script and memory map

Address of section .data set to 0x800100
LOAD c:/program files (x86)/atmel/atmel toolchain/avr8 gcc/native/3.4.1061/avr8-gnu-toolchain/bin/../lib/gcc/avr/4.8.1/../../../../avr/lib/avr51/crtusb1287.o
LOAD Descriptors.o
LOAD src/PETE/LEGAL/comandosAtuadores.o
LOAD src/PETE/LEGAL/configuracaoLEGAL.o
LOAD src/PETE/LEGAL/divercosLEGAL.o
LOAD src/PETE/LEGAL/maqVirtual.o
LOAD src/PETE/uMc/AD.o
LOAD src/PETE/uMc/digitalIO.o
LOAD src/PETE/uMc/Misc.o
LOAD src/PETE/uMc/motoresDc.o
LOAD src/PETE/uMc/servo.o
LOAD src/PETE/uMc/som.o
LOAD src/PETE/uMc/USART.o
LOAD src/LUFA/LUFA/Drivers/Peripheral/AVR8/Serial_AVR8.o
LOAD src/LUFA/LUFA/Drivers/USB/Class/Common/HIDParser.o
LOAD src/LUFA/LUFA/Drivers/USB/Class/Device/AudioClassDevice.o
LOAD src/LUFA/LUFA/Drivers/USB/Class/Device/CDCClassDevice.o
LOAD src/LUFA/LUFA/Drivers/USB/Class/Device/HIDClassDevice.o
LOAD src/LUFA/LUFA/Drivers/USB/Class/Device/MassStorageClassDevice.o
LOAD src/LUFA/LUFA/Drivers/USB/Class/Device/MIDIClassDevice.o
LOAD src/LUFA/LUFA/Drivers/USB/Class/Device/PrinterClassDevice.o
LOAD src/LUFA/LUFA/Drivers/USB/Class/Device/RNDISClassDevice.o
LOAD src/LUFA/LUFA/Drivers/USB/Class/Host/AndroidAccessoryClassHost.o
LOAD src/LUFA/LUFA/Drivers/USB/Class/Host/AudioClassHost.o
LOAD src/LUFA/LUFA/Drivers/USB/Class/Host/CDCClassHost.o
LOAD src/LUFA/LUFA/Drivers/USB/Class/Host/HIDClassHost.o
LOAD src/LUFA/LUFA/Drivers/USB/Class/Host/MassStorageClassHost.o
LOAD src/LUFA/LUFA/Drivers/USB/Class/Host/MIDIClassHost.o
LOAD src/LUFA/LUFA/Drivers/USB/Class/Host/PrinterClassHost.o
LOAD src/LUFA/LUFA/Drivers/USB/Class/Host/RNDISClassHost.o
LOAD src/LUFA/LUFA/Drivers/USB/Class/Host/StillImageClassHost.o
LOAD src/LUFA/LUFA/Drivers/USB/Core/AVR8/Device_AVR8.o
LOAD src/LUFA/LUFA/Drivers/USB/Core/AVR8/EndpointStream_AVR8.o
LOAD src/LUFA/LUFA/Drivers/USB/Core/AVR8/Endpoint_AVR8.o
LOAD src/LUFA/LUFA/Drivers/USB/Core/AVR8/Host_AVR8.o
LOAD src/LUFA/LUFA/Drivers/USB/Core/AVR8/PipeStream_AVR8.o
LOAD src/LUFA/LUFA/Drivers/USB/Core/AVR8/Pipe_AVR8.o
LOAD src/LUFA/LUFA/Drivers/USB/Core/AVR8/Template/Template_Endpoint_Control_R.o
LOAD src/LUFA/LUFA/Drivers/USB/Core/AVR8/Template/Template_Endpoint_Control_W.o
LOAD src/LUFA/LUFA/Drivers/USB/Core/AVR8/Template/Template_Endpoint_RW.o
LOAD src/LUFA/LUFA/Drivers/USB/Core/AVR8/Template/Template_Pipe_RW.o
LOAD src/LUFA/LUFA/Drivers/USB/Core/AVR8/USBController_AVR8.o
LOAD src/LUFA/LUFA/Drivers/USB/Core/AVR8/USBInterrupt_AVR8.o
LOAD src/LUFA/LUFA/Drivers/USB/Core/ConfigDescriptors.o
LOAD src/LUFA/LUFA/Drivers/USB/Core/DeviceStandardReq.o
LOAD src/LUFA/LUFA/Drivers/USB/Core/Events.o
LOAD src/LUFA/LUFA/Drivers/USB/Core/HostStandardReq.o
LOAD src/LUFA/LUFA/Drivers/USB/Core/USBTask.o
LOAD uMc.o
START GROUP
LOAD c:/program files (x86)/atmel/atmel toolchain/avr8 gcc/native/3.4.1061/avr8-gnu-toolchain/bin/../lib/gcc/avr/4.8.1/../../../../avr/lib/avr51\libm.a
END GROUP
START GROUP
LOAD c:/program files (x86)/atmel/atmel toolchain/avr8 gcc/native/3.4.1061/avr8-gnu-toolchain/bin/../lib/gcc/avr/4.8.1/avr51\libgcc.a
LOAD c:/program files (x86)/atmel/atmel toolchain/avr8 gcc/native/3.4.1061/avr8-gnu-toolchain/bin/../lib/gcc/avr/4.8.1/../../../../avr/lib/avr51\libm.a
LOAD c:/program files (x86)/atmel/atmel toolchain/avr8 gcc/native/3.4.1061/avr8-gnu-toolchain/bin/../lib/gcc/avr/4.8.1/../../../../avr/lib/avr51\libc.a
END GROUP

.hash
 *(.hash)

.dynsym
 *(.dynsym)

.dynstr
 *(.dynstr)

.gnu.version
 *(.gnu.version)

.gnu.version_d
 *(.gnu.version_d)

.gnu.version_r
 *(.gnu.version_r)

.rel.init
 *(.rel.init)

.rela.init
 *(.rela.init)

.rel.text
 *(.rel.text)
 *(.rel.text.*)
 *(.rel.gnu.linkonce.t*)

.rela.text
 *(.rela.text)
 *(.rela.text.*)
 *(.rela.gnu.linkonce.t*)

.rel.fini
 *(.rel.fini)

.rela.fini
 *(.rela.fini)

.rel.rodata
 *(.rel.rodata)
 *(.rel.rodata.*)
 *(.rel.gnu.linkonce.r*)

.rela.rodata
 *(.rela.rodata)
 *(.rela.rodata.*)
 *(.rela.gnu.linkonce.r*)

.rel.data
 *(.rel.data)
 *(.rel.data.*)
 *(.rel.gnu.linkonce.d*)

.rela.data
 *(.rela.data)
 *(.rela.data.*)
 *(.rela.gnu.linkonce.d*)

.rel.ctors
 *(.rel.ctors)

.rela.ctors
 *(.rela.ctors)

.rel.dtors
 *(.rel.dtors)

.rela.dtors
 *(.rela.dtors)

.rel.got
 *(.rel.got)

.rela.got
 *(.rela.got)

.rel.bss
 *(.rel.bss)

.rela.bss
 *(.rela.bss)

.rel.plt
 *(.rel.plt)

.rela.plt
 *(.rela.plt)

.text           0x00000000     0x1846
 *(.vectors)
 .vectors       0x00000000       0x98 c:/program files (x86)/atmel/atmel toolchain/avr8 gcc/native/3.4.1061/avr8-gnu-toolchain/bin/../lib/gcc/avr/4.8.1/../../../../avr/lib/avr51/crtusb1287.o
                0x00000000                __vector_default
                0x00000000                __vectors
 *(.vectors)
 *(.progmem.gcc*)
                0x00000098                . = ALIGN (0x2)
                0x00000098                __trampolines_start = .
 *(.trampolines)
 .trampolines   0x00000098        0x0 linker stubs
 *(.trampolines*)
                0x00000098                __trampolines_end = .
 *(.progmem*)
 .progmem.data.ProductString
                0x00000098       0x10 Descriptors.o
                0x00000098                ProductString
 .progmem.data.ManufacturerString
                0x000000a8       0x16 Descriptors.o
                0x000000a8                ManufacturerString
 .progmem.data.LanguageString
                0x000000be        0x4 Descriptors.o
                0x000000be                LanguageString
 .progmem.data.ConfigurationDescriptor
                0x000000c2       0x3e Descriptors.o
                0x000000c2                ConfigurationDescriptor
 .progmem.data.DeviceDescriptor
                0x00000100       0x12 Descriptors.o
                0x00000100                DeviceDescriptor
                0x00000112                . = ALIGN (0x2)
 *(.jumptables)
 *(.jumptables*)
 *(.lowtext)
 *(.lowtext*)
                0x00000112                __ctors_start = .
 *(.ctors)
                0x00000112                __ctors_end = .
                0x00000112                __dtors_start = .
 *(.dtors)
                0x00000112                __dtors_end = .
 SORT(*)(.ctors)
 SORT(*)(.dtors)
 *(.init0)
 .init0         0x00000112        0x0 c:/program files (x86)/atmel/atmel toolchain/avr8 gcc/native/3.4.1061/avr8-gnu-toolchain/bin/../lib/gcc/avr/4.8.1/../../../../avr/lib/avr51/crtusb1287.o
                0x00000112                __init
 *(.init0)
 *(.init1)
 *(.init1)
 *(.init2)
 .init2         0x00000112        0xc c:/program files (x86)/atmel/atmel toolchain/avr8 gcc/native/3.4.1061/avr8-gnu-toolchain/bin/../lib/gcc/avr/4.8.1/../../../../avr/lib/avr51/crtusb1287.o
 *(.init2)
 *(.init3)
 *(.init3)
 *(.init4)
 .init4         0x0000011e       0x1a c:/program files (x86)/atmel/atmel toolchain/avr8 gcc/native/3.4.1061/avr8-gnu-toolchain/bin/../lib/gcc/avr/4.8.1/avr51\libgcc.a(_copy_data.o)
                0x0000011e                __do_copy_data
 .init4         0x00000138       0x10 c:/program files (x86)/atmel/atmel toolchain/avr8 gcc/native/3.4.1061/avr8-gnu-toolchain/bin/../lib/gcc/avr/4.8.1/avr51\libgcc.a(_clear_bss.o)
                0x00000138                __do_clear_bss
 *(.init4)
 *(.init5)
 *(.init5)
 *(.init6)
 *(.init6)
 *(.init7)
 *(.init7)
 *(.init8)
 *(.init8)
 *(.init9)
 .init9         0x00000148        0x8 c:/program files (x86)/atmel/atmel toolchain/avr8 gcc/native/3.4.1061/avr8-gnu-toolchain/bin/../lib/gcc/avr/4.8.1/../../../../avr/lib/avr51/crtusb1287.o
 *(.init9)
 *(.text)
 .text          0x00000150        0x2 c:/program files (x86)/atmel/atmel toolchain/avr8 gcc/native/3.4.1061/avr8-gnu-toolchain/bin/../lib/gcc/avr/4.8.1/../../../../avr/lib/avr51/crtusb1287.o
                0x00000150                __vector_22
                0x00000150                __vector_28
                0x00000150                __vector_1
                0x00000150                __vector_32
                0x00000150                __vector_34
                0x00000150                __vector_24
                0x00000150                __vector_12
                0x00000150                __bad_interrupt
                0x00000150                __vector_31
                0x00000150                __vector_35
                0x00000150                __vector_3
                0x00000150                __vector_23
                0x00000150                __vector_30
                0x00000150                __vector_13
                0x00000150                __vector_17
                0x00000150                __vector_19
                0x00000150                __vector_7
                0x00000150                __vector_27
                0x00000150                __vector_5
                0x00000150                __vector_33
                0x00000150                __vector_37
                0x00000150                __vector_4
                0x00000150                __vector_9
                0x00000150                __vector_2
                0x00000150                __vector_15
                0x00000150                __vector_36
                0x00000150                __vector_8
                0x00000150                __vector_26
                0x00000150                __vector_14
                0x00000150                __vector_16
                0x00000150                __vector_18
                0x00000150                __vector_20
                0x00000152                . = ALIGN (0x2)
 *(.text.*)
 .text.CALLBACK_USB_GetDescriptor
                0x00000152       0x64 Descriptors.o
                0x00000152                CALLBACK_USB_GetDescriptor
 .text.apagaLed
                0x000001b6       0x18 src/PETE/LEGAL/comandosAtuadores.o
                0x000001b6                apagaLed
 .text.configura_pinos_uMC
                0x000001ce       0x48 src/PETE/LEGAL/configuracaoLEGAL.o
                0x000001ce                configura_pinos_uMC
 .text.leituraAD_Ardunio
                0x00000216       0x22 src/PETE/LEGAL/maqVirtual.o
                0x00000216                leituraAD_Ardunio
 .text.leituraDigital_Arduino
                0x00000238       0x1e src/PETE/LEGAL/maqVirtual.o
                0x00000238                leituraDigital_Arduino
 .text.lerEntradasuMC
                0x00000256        0x4 src/PETE/LEGAL/maqVirtual.o
                0x00000256                lerEntradasuMC
 .text.inicia_AD
                0x0000025a       0x22 src/PETE/uMc/AD.o
                0x0000025a                inicia_AD
 .text.setupADCSleepmode
                0x0000027c       0x16 src/PETE/uMc/AD.o
                0x0000027c                setupADCSleepmode
 .text.__vector_29
                0x00000292        0x2 src/PETE/uMc/AD.o
                0x00000292                __vector_29
 .text.leiuraMediaSleep
                0x00000294       0x68 src/PETE/uMc/AD.o
                0x00000294                leiuraMediaSleep
 .text.inicia_Botoes
                0x000002fc        0xe src/PETE/uMc/digitalIO.o
                0x000002fc                inicia_Botoes
 .text.inicia_uMC
                0x0000030a        0xe src/PETE/uMc/Misc.o
                0x0000030a                inicia_uMC
 .text.reInicia_uMC
                0x00000318        0x6 src/PETE/uMc/Misc.o
                0x00000318                reInicia_uMC
 .text.inicia_motoresDC
                0x0000031e        0xa src/PETE/uMc/motoresDc.o
                0x0000031e                inicia_motoresDC
 .text.inicia_servo
                0x00000328       0x36 src/PETE/uMc/servo.o
                0x00000328                inicia_servo
 .text.inicia_Timer
                0x0000035e       0x2c src/PETE/uMc/som.o
                0x0000035e                inicia_Timer
 .text.playNote
                0x0000038a       0x22 src/PETE/uMc/som.o
                0x0000038a                playNote
 .text.inicia_USART
                0x000003ac       0x22 src/PETE/uMc/USART.o
                0x000003ac                inicia_USART
 .text.transmitByte
                0x000003ce        0xe src/PETE/uMc/USART.o
                0x000003ce                transmitByte
 .text.CDC_Device_ConfigureEndpoints
                0x000003dc       0x4a src/LUFA/LUFA/Drivers/USB/Class/Device/CDCClassDevice.o
                0x000003dc                CDC_Device_ConfigureEndpoints
 .text.CDC_Device_SendByte
                0x00000426       0x4c src/LUFA/LUFA/Drivers/USB/Class/Device/CDCClassDevice.o
                0x00000426                CDC_Device_SendByte
 .text.CDC_Device_Flush
                0x00000472       0x56 src/LUFA/LUFA/Drivers/USB/Class/Device/CDCClassDevice.o
                0x00000472                CDC_Device_Flush
 .text.CDC_Device_USBTask
                0x000004c8       0x2a src/LUFA/LUFA/Drivers/USB/Class/Device/CDCClassDevice.o
                0x000004c8                CDC_Device_USBTask
 .text.CDC_Device_ReceiveByte
                0x000004f2       0x60 src/LUFA/LUFA/Drivers/USB/Class/Device/CDCClassDevice.o
                0x000004f2                CDC_Device_ReceiveByte
 .text.CDC_Device_Event_Stub
                0x00000552        0x2 src/LUFA/LUFA/Drivers/USB/Class/Device/CDCClassDevice.o
                0x00000552                CDC_Device_Event_Stub
                0x00000552                EVENT_CDC_Device_BreakSent
 .text.CDC_Device_ProcessControlRequest
                0x00000554      0x162 src/LUFA/LUFA/Drivers/USB/Class/Device/CDCClassDevice.o
                0x00000554                CDC_Device_ProcessControlRequest
 .text.Endpoint_Write_Control_Stream_LE
                0x000006b6       0xb6 src/LUFA/LUFA/Drivers/USB/Core/AVR8/EndpointStream_AVR8.o
                0x000006b6                Endpoint_Write_Control_Stream_LE
 .text.Endpoint_Write_Control_PStream_LE
                0x0000076c       0xbc src/LUFA/LUFA/Drivers/USB/Core/AVR8/EndpointStream_AVR8.o
                0x0000076c                Endpoint_Write_Control_PStream_LE
 .text.Endpoint_ConfigureEndpoint_Prv
                0x00000828       0x6a src/LUFA/LUFA/Drivers/USB/Core/AVR8/Endpoint_AVR8.o
                0x00000828                Endpoint_ConfigureEndpoint_Prv
 .text.Endpoint_ConfigureEndpointTable
                0x00000892       0x7a src/LUFA/LUFA/Drivers/USB/Core/AVR8/Endpoint_AVR8.o
                0x00000892                Endpoint_ConfigureEndpointTable
 .text.Endpoint_ClearStatusStage
                0x0000090c       0x3e src/LUFA/LUFA/Drivers/USB/Core/AVR8/Endpoint_AVR8.o
                0x0000090c                Endpoint_ClearStatusStage
 .text.Endpoint_WaitUntilReady
                0x0000094a       0x5e src/LUFA/LUFA/Drivers/USB/Core/AVR8/Endpoint_AVR8.o
                0x0000094a                Endpoint_WaitUntilReady
 .text.USB_ResetInterface
                0x000009a8       0x88 src/LUFA/LUFA/Drivers/USB/Core/AVR8/USBController_AVR8.o
                0x000009a8                USB_ResetInterface
 .text.USB_Init
                0x00000a30       0x1c src/LUFA/LUFA/Drivers/USB/Core/AVR8/USBController_AVR8.o
                0x00000a30                USB_Init
 .text.USB_INT_DisableAllInterrupts
                0x00000a4c       0x10 src/LUFA/LUFA/Drivers/USB/Core/AVR8/USBInterrupt_AVR8.o
                0x00000a4c                USB_INT_DisableAllInterrupts
 .text.USB_INT_ClearAllInterrupts
                0x00000a5c        0xa src/LUFA/LUFA/Drivers/USB/Core/AVR8/USBInterrupt_AVR8.o
                0x00000a5c                USB_INT_ClearAllInterrupts
 .text.__vector_10
                0x00000a66      0x194 src/LUFA/LUFA/Drivers/USB/Core/AVR8/USBInterrupt_AVR8.o
                0x00000a66                __vector_10
 .text.__vector_11
                0x00000bfa       0x7e src/LUFA/LUFA/Drivers/USB/Core/AVR8/USBInterrupt_AVR8.o
                0x00000bfa                __vector_11
 .text.USB_Device_ProcessControlRequest
                0x00000c78      0x29e src/LUFA/LUFA/Drivers/USB/Core/DeviceStandardReq.o
                0x00000c78                USB_Device_ProcessControlRequest
 .text.USB_Event_Stub
                0x00000f16        0x2 src/LUFA/LUFA/Drivers/USB/Core/Events.o
                0x00000f16                USB_Event_Stub
                0x00000f16                EVENT_USB_Device_Suspend
                0x00000f16                EVENT_USB_Device_StartOfFrame
                0x00000f16                EVENT_USB_Device_Reset
                0x00000f16                EVENT_USB_Device_WakeUp
 .text.USB_USBTask
                0x00000f18       0x36 src/LUFA/LUFA/Drivers/USB/Core/USBTask.o
                0x00000f18                USB_USBTask
 .text.RingBuffer_Insert
                0x00000f4e       0x36 uMc.o
 .text.RingBuffer_Remove
                0x00000f84       0x32 uMc.o
 .text.RingBuffer_IsFull
                0x00000fb6       0x1c uMc.o
 .text.__vector_21
                0x00000fd2       0xf4 uMc.o
                0x00000fd2                __vector_21
 .text.ApagarLeds
                0x000010c6        0xc uMc.o
                0x000010c6                ApagarLeds
 .text.iniciaInterrupt5
                0x000010d2        0x4 uMc.o
                0x000010d2                iniciaInterrupt5
 .text.iniciaHardware
                0x000010d6       0x8e uMc.o
                0x000010d6                iniciaHardware
 .text.receberUSB
                0x00001164       0x2c uMc.o
                0x00001164                receberUSB
 .text.enviarUSB
                0x00001190       0x64 uMc.o
                0x00001190                enviarUSB
 .text.envieUSB_string_nl
                0x000011f4       0x4e uMc.o
                0x000011f4                envieUSB_string_nl
 .text.envieUSB_Char
                0x00001242       0x36 uMc.o
                0x00001242                envieUSB_Char
 .text.resetBuffer
                0x00001278       0x2a uMc.o
                0x00001278                resetBuffer
 .text.__vector_6
                0x000012a2       0x88 uMc.o
                0x000012a2                __vector_6
 .text.palavraLida
                0x0000132a       0xa2 uMc.o
                0x0000132a                palavraLida
 .text.testeCom
                0x000013cc       0x20 uMc.o
                0x000013cc                testeCom
 .text.mc_conectado
                0x000013ec       0x70 uMc.o
                0x000013ec                mc_conectado
 .text.scratchCom
                0x0000145c      0x120 uMc.o
                0x0000145c                scratchCom
 .text.mc_executa
                0x0000157c       0xec uMc.o
                0x0000157c                mc_executa
 .text.startup.main
                0x00001668       0x44 uMc.o
                0x00001668                main
 .text.EVENT_USB_Device_Connect
                0x000016ac        0x2 uMc.o
                0x000016ac                EVENT_USB_Device_Connect
 .text.EVENT_USB_Device_Disconnect
                0x000016ae        0x6 uMc.o
                0x000016ae                EVENT_USB_Device_Disconnect
 .text.EVENT_CDC_Device_ControLineStateChanged
                0x000016b4       0x28 uMc.o
                0x000016b4                EVENT_CDC_Device_ControLineStateChanged
 .text.EVENT_USB_Device_ConfigurationChanged
                0x000016dc        0x8 uMc.o
                0x000016dc                EVENT_USB_Device_ConfigurationChanged
 .text.EVENT_USB_Device_ControlRequest
                0x000016e4        0x8 uMc.o
                0x000016e4                EVENT_USB_Device_ControlRequest
 .text.EVENT_CDC_Device_LineEncodingChanged
                0x000016ec       0x86 uMc.o
                0x000016ec                EVENT_CDC_Device_LineEncodingChanged
 .text.__vector_25
                0x00001772       0x7a uMc.o
                0x00001772                __vector_25
 .text.libgcc.div
                0x000017ec       0x44 c:/program files (x86)/atmel/atmel toolchain/avr8 gcc/native/3.4.1061/avr8-gnu-toolchain/bin/../lib/gcc/avr/4.8.1/avr51\libgcc.a(_udivmodsi4.o)
                0x000017ec                __udivmodsi4
 .text.avr-libc
                0x00001830       0x12 c:/program files (x86)/atmel/atmel toolchain/avr8 gcc/native/3.4.1061/avr8-gnu-toolchain/bin/../lib/gcc/avr/4.8.1/../../../../avr/lib/avr51\libc.a(strcmp.o)
                0x00001830                strcmp
                0x00001842                . = ALIGN (0x2)
 *(.fini9)
 .fini9         0x00001842        0x0 c:/program files (x86)/atmel/atmel toolchain/avr8 gcc/native/3.4.1061/avr8-gnu-toolchain/bin/../lib/gcc/avr/4.8.1/avr51\libgcc.a(_exit.o)
                0x00001842                _exit
                0x00001842                exit
 *(.fini9)
 *(.fini8)
 *(.fini8)
 *(.fini7)
 *(.fini7)
 *(.fini6)
 *(.fini6)
 *(.fini5)
 *(.fini5)
 *(.fini4)
 *(.fini4)
 *(.fini3)
 *(.fini3)
 *(.fini2)
 *(.fini2)
 *(.fini1)
 *(.fini1)
 *(.fini0)
 .fini0         0x00001842        0x4 c:/program files (x86)/atmel/atmel toolchain/avr8 gcc/native/3.4.1061/avr8-gnu-toolchain/bin/../lib/gcc/avr/4.8.1/avr51\libgcc.a(_exit.o)
 *(.fini0)
                0x00001846                _etext = .

.data           0x00800100       0x26 load address 0x00001846
                0x00800100                PROVIDE (__data_start, .)
 *(.data)
 *(.data*)
 .data.VirtualSerial_CDC_Interface
                0x00800100       0x1b uMc.o
                0x00800100                VirtualSerial_CDC_Interface
 *(.rodata)
 *(.rodata*)
 .rodata.str1.1
                0x0080011b        0xa uMc.o
 *(.gnu.linkonce.d*)
                0x00800126                . = ALIGN (0x2)
 *fill*         0x00800125        0x1 
                0x00800126                _edata = .
                0x00800126                PROVIDE (__data_end, .)

.bss            0x00800126      0x348
                0x00800126                PROVIDE (__bss_start, .)
 *(.bss)
 *(.bss*)
 .bss.PreviousDTRState.4444
                0x00800126        0x1 uMc.o
 .bss.status    0x00800127        0x1 uMc.o
                0x00800127                status
 .bss.readingStage
                0x00800128        0x1 uMc.o
                0x00800128                readingStage
 .bss.USB_DadosParaEnviar_Buf
                0x00800129       0x80 uMc.o
 .bss.USB_DadosParaEnviar_pt
                0x008001a9        0xc uMc.o
 .bss.USB_DadosRecebidos_Buf
                0x008001b5       0x80 uMc.o
 .bss.USB_DadosRecebidos_pt
                0x00800235        0xc uMc.o
 .bss.milliseconds
                0x00800241        0x4 uMc.o
                0x00800241                milliseconds
 .bss.palavraRecebida_pt
                0x00800245        0x1 uMc.o
                0x00800245                palavraRecebida_pt
 .bss.uMC_Modo  0x00800246        0x1 uMc.o
                0x00800246                uMC_Modo
 *(COMMON)
 COMMON         0x00800247      0x1fe src/PETE/LEGAL/maqVirtual.o
                0x00800247                registradores
 COMMON         0x00800445        0x3 src/LUFA/LUFA/Drivers/USB/Core/DeviceStandardReq.o
                0x00800445                USB_Device_ConfigurationNumber
                0x00800446                USB_Device_CurrentlySelfPowered
                0x00800447                USB_Device_RemoteWakeupEnabled
 COMMON         0x00800448        0x9 src/LUFA/LUFA/Drivers/USB/Core/USBTask.o
                0x00800448                USB_IsInitialized
                0x00800449                USB_ControlRequest
 COMMON         0x00800451       0x1d uMc.o
                0x00800451                baterias
                0x00800452                valsv1
                0x00800454                v11
                0x00800455                v10
                0x00800456                v12
                0x00800457                valsv2
                0x00800459                palavraRecebida
                0x0080046d                v13
                0x0080046e                PROVIDE (__bss_end, .)
                0x00001846                __data_load_start = LOADADDR (.data)
                0x0000186c                __data_load_end = (__data_load_start + SIZEOF (.data))

.noinit         0x0080046e        0x0
                0x0080046e                PROVIDE (__noinit_start, .)
 *(.noinit*)
                0x0080046e                PROVIDE (__noinit_end, .)
                0x0080046e                _end = .
                0x0080046e                PROVIDE (__heap_start, .)

.eeprom         0x00810000        0x0
 *(.eeprom*)
                0x00810000                __eeprom_end = .

.fuse
 *(.fuse)
 *(.lfuse)
 *(.hfuse)
 *(.efuse)

.lock
 *(.lock*)

.signature
 *(.signature*)

.user_signatures
 *(.user_signatures*)

.stab
 *(.stab)

.stabstr
 *(.stabstr)

.stab.excl
 *(.stab.excl)

.stab.exclstr
 *(.stab.exclstr)

.stab.index
 *(.stab.index)

.stab.indexstr
 *(.stab.indexstr)

.comment        0x00000000       0x30
 *(.comment)
 .comment       0x00000000       0x30 Descriptors.o
                                 0x31 (size before relaxing)
 .comment       0x00000000       0x31 src/PETE/LEGAL/comandosAtuadores.o
 .comment       0x00000000       0x31 src/PETE/LEGAL/configuracaoLEGAL.o
 .comment       0x00000000       0x31 src/PETE/LEGAL/maqVirtual.o
 .comment       0x00000000       0x31 src/PETE/uMc/AD.o
 .comment       0x00000000       0x31 src/PETE/uMc/digitalIO.o
 .comment       0x00000000       0x31 src/PETE/uMc/Misc.o
 .comment       0x00000000       0x31 src/PETE/uMc/motoresDc.o
 .comment       0x00000000       0x31 src/PETE/uMc/servo.o
 .comment       0x00000000       0x31 src/PETE/uMc/som.o
 .comment       0x00000000       0x31 src/PETE/uMc/USART.o
 .comment       0x00000000       0x31 src/LUFA/LUFA/Drivers/USB/Class/Device/CDCClassDevice.o
 .comment       0x00000000       0x31 src/LUFA/LUFA/Drivers/USB/Core/AVR8/EndpointStream_AVR8.o
 .comment       0x00000000       0x31 src/LUFA/LUFA/Drivers/USB/Core/AVR8/Endpoint_AVR8.o
 .comment       0x00000000       0x31 src/LUFA/LUFA/Drivers/USB/Core/AVR8/USBController_AVR8.o
 .comment       0x00000000       0x31 src/LUFA/LUFA/Drivers/USB/Core/AVR8/USBInterrupt_AVR8.o
 .comment       0x00000000       0x31 src/LUFA/LUFA/Drivers/USB/Core/DeviceStandardReq.o
 .comment       0x00000000       0x31 src/LUFA/LUFA/Drivers/USB/Core/Events.o
 .comment       0x00000000       0x31 src/LUFA/LUFA/Drivers/USB/Core/USBTask.o
 .comment       0x00000000       0x31 uMc.o

.note.gnu.build-id
 *(.note.gnu.build-id)

.debug
 *(.debug)

.line
 *(.line)

.debug_srcinfo
 *(.debug_srcinfo)

.debug_sfnames
 *(.debug_sfnames)

.debug_aranges  0x00000000      0x5f0
 *(.debug_aranges)
 .debug_aranges
                0x00000000       0x20 Descriptors.o
 .debug_aranges
                0x00000020       0x40 src/PETE/LEGAL/comandosAtuadores.o
 .debug_aranges
                0x00000060       0x28 src/PETE/LEGAL/configuracaoLEGAL.o
 .debug_aranges
                0x00000088       0x48 src/PETE/LEGAL/maqVirtual.o
 .debug_aranges
                0x000000d0       0x58 src/PETE/uMc/AD.o
 .debug_aranges
                0x00000128       0x28 src/PETE/uMc/digitalIO.o
 .debug_aranges
                0x00000150       0x28 src/PETE/uMc/Misc.o
 .debug_aranges
                0x00000178       0x20 src/PETE/uMc/motoresDc.o
 .debug_aranges
                0x00000198       0x20 src/PETE/uMc/servo.o
 .debug_aranges
                0x000001b8       0x28 src/PETE/uMc/som.o
 .debug_aranges
                0x000001e0       0x80 src/PETE/uMc/USART.o
 .debug_aranges
                0x00000260       0x98 src/LUFA/LUFA/Drivers/USB/Class/Device/CDCClassDevice.o
 .debug_aranges
                0x000002f8       0xc8 src/LUFA/LUFA/Drivers/USB/Core/AVR8/EndpointStream_AVR8.o
 .debug_aranges
                0x000003c0       0x40 src/LUFA/LUFA/Drivers/USB/Core/AVR8/Endpoint_AVR8.o
 .debug_aranges
                0x00000400       0x30 src/LUFA/LUFA/Drivers/USB/Core/AVR8/USBController_AVR8.o
 .debug_aranges
                0x00000430       0x38 src/LUFA/LUFA/Drivers/USB/Core/AVR8/USBInterrupt_AVR8.o
 .debug_aranges
                0x00000468       0x20 src/LUFA/LUFA/Drivers/USB/Core/DeviceStandardReq.o
 .debug_aranges
                0x00000488       0x20 src/LUFA/LUFA/Drivers/USB/Core/Events.o
 .debug_aranges
                0x000004a8       0x20 src/LUFA/LUFA/Drivers/USB/Core/USBTask.o
 .debug_aranges
                0x000004c8      0x128 uMc.o

.debug_pubnames
 *(.debug_pubnames)

.debug_info     0x00000000     0x7716
 *(.debug_info .gnu.linkonce.wi.*)
 .debug_info    0x00000000      0x778 Descriptors.o
 .debug_info    0x00000778      0x1d3 src/PETE/LEGAL/comandosAtuadores.o
 .debug_info    0x0000094b       0x9d src/PETE/LEGAL/configuracaoLEGAL.o
 .debug_info    0x000009e8      0x280 src/PETE/LEGAL/maqVirtual.o
 .debug_info    0x00000c68      0x225 src/PETE/uMc/AD.o
 .debug_info    0x00000e8d       0x9b src/PETE/uMc/digitalIO.o
 .debug_info    0x00000f28      0x16a src/PETE/uMc/Misc.o
 .debug_info    0x00001092       0x86 src/PETE/uMc/motoresDc.o
 .debug_info    0x00001118       0x92 src/PETE/uMc/servo.o
 .debug_info    0x000011aa      0x147 src/PETE/uMc/som.o
 .debug_info    0x000012f1      0x4e7 src/PETE/uMc/USART.o
 .debug_info    0x000017d8      0xe70 src/LUFA/LUFA/Drivers/USB/Class/Device/CDCClassDevice.o
 .debug_info    0x00002648     0x17a6 src/LUFA/LUFA/Drivers/USB/Core/AVR8/EndpointStream_AVR8.o
 .debug_info    0x00003dee      0x606 src/LUFA/LUFA/Drivers/USB/Core/AVR8/Endpoint_AVR8.o
 .debug_info    0x000043f4      0x4bd src/LUFA/LUFA/Drivers/USB/Core/AVR8/USBController_AVR8.o
 .debug_info    0x000048b1      0x7b6 src/LUFA/LUFA/Drivers/USB/Core/AVR8/USBInterrupt_AVR8.o
 .debug_info    0x00005067      0xa49 src/LUFA/LUFA/Drivers/USB/Core/DeviceStandardReq.o
 .debug_info    0x00005ab0       0x7c src/LUFA/LUFA/Drivers/USB/Core/Events.o
 .debug_info    0x00005b2c      0x258 src/LUFA/LUFA/Drivers/USB/Core/USBTask.o
 .debug_info    0x00005d84     0x1992 uMc.o

.debug_abbrev   0x00000000     0x1f20
 *(.debug_abbrev)
 .debug_abbrev  0x00000000      0x139 Descriptors.o
 .debug_abbrev  0x00000139      0x101 src/PETE/LEGAL/comandosAtuadores.o
 .debug_abbrev  0x0000023a       0x54 src/PETE/LEGAL/configuracaoLEGAL.o
 .debug_abbrev  0x0000028e      0x182 src/PETE/LEGAL/maqVirtual.o
 .debug_abbrev  0x00000410       0xf8 src/PETE/uMc/AD.o
 .debug_abbrev  0x00000508       0x52 src/PETE/uMc/digitalIO.o
 .debug_abbrev  0x0000055a       0xad src/PETE/uMc/Misc.o
 .debug_abbrev  0x00000607       0x52 src/PETE/uMc/motoresDc.o
 .debug_abbrev  0x00000659       0x54 src/PETE/uMc/servo.o
 .debug_abbrev  0x000006ad       0xe1 src/PETE/uMc/som.o
 .debug_abbrev  0x0000078e      0x187 src/PETE/uMc/USART.o
 .debug_abbrev  0x00000915      0x419 src/LUFA/LUFA/Drivers/USB/Class/Device/CDCClassDevice.o
 .debug_abbrev  0x00000d2e      0x20f src/LUFA/LUFA/Drivers/USB/Core/AVR8/EndpointStream_AVR8.o
 .debug_abbrev  0x00000f3d      0x21e src/LUFA/LUFA/Drivers/USB/Core/AVR8/Endpoint_AVR8.o
 .debug_abbrev  0x0000115b      0x199 src/LUFA/LUFA/Drivers/USB/Core/AVR8/USBController_AVR8.o
 .debug_abbrev  0x000012f4      0x230 src/LUFA/LUFA/Drivers/USB/Core/AVR8/USBInterrupt_AVR8.o
 .debug_abbrev  0x00001524      0x2c5 src/LUFA/LUFA/Drivers/USB/Core/DeviceStandardReq.o
 .debug_abbrev  0x000017e9       0x47 src/LUFA/LUFA/Drivers/USB/Core/Events.o
 .debug_abbrev  0x00001830      0x16b src/LUFA/LUFA/Drivers/USB/Core/USBTask.o
 .debug_abbrev  0x0000199b      0x585 uMc.o

.debug_line     0x00000000     0xb295
 *(.debug_line .debug_line.* .debug_line_end)
 .debug_line    0x00000000      0xcb2 Descriptors.o
 .debug_line    0x00000cb2      0x465 src/PETE/LEGAL/comandosAtuadores.o
 .debug_line    0x00001117      0x300 src/PETE/LEGAL/configuracaoLEGAL.o
 .debug_line    0x00001417      0x441 src/PETE/LEGAL/maqVirtual.o
 .debug_line    0x00001858      0x4b3 src/PETE/uMc/AD.o
 .debug_line    0x00001d0b      0x26f src/PETE/uMc/digitalIO.o
 .debug_line    0x00001f7a      0x38a src/PETE/uMc/Misc.o
 .debug_line    0x00002304      0x23b src/PETE/uMc/motoresDc.o
 .debug_line    0x0000253f      0x245 src/PETE/uMc/servo.o
 .debug_line    0x00002784      0x328 src/PETE/uMc/som.o
 .debug_line    0x00002aac      0x572 src/PETE/uMc/USART.o
 .debug_line    0x0000301e     0x13c5 src/LUFA/LUFA/Drivers/USB/Class/Device/CDCClassDevice.o
 .debug_line    0x000043e3     0x1b66 src/LUFA/LUFA/Drivers/USB/Core/AVR8/EndpointStream_AVR8.o
 .debug_line    0x00005f49      0xbdf src/LUFA/LUFA/Drivers/USB/Core/AVR8/Endpoint_AVR8.o
 .debug_line    0x00006b28      0x8e2 src/LUFA/LUFA/Drivers/USB/Core/AVR8/USBController_AVR8.o
 .debug_line    0x0000740a      0xb82 src/LUFA/LUFA/Drivers/USB/Core/AVR8/USBInterrupt_AVR8.o
 .debug_line    0x00007f8c      0xa5d src/LUFA/LUFA/Drivers/USB/Core/DeviceStandardReq.o
 .debug_line    0x000089e9      0x484 src/LUFA/LUFA/Drivers/USB/Core/Events.o
 .debug_line    0x00008e6d      0x804 src/LUFA/LUFA/Drivers/USB/Core/USBTask.o
 .debug_line    0x00009671     0x1c24 uMc.o

.debug_frame    0x00000000      0xfe8
 *(.debug_frame)
 .debug_frame   0x00000000       0x24 Descriptors.o
 .debug_frame   0x00000024       0x64 src/PETE/LEGAL/comandosAtuadores.o
 .debug_frame   0x00000088       0x34 src/PETE/LEGAL/configuracaoLEGAL.o
 .debug_frame   0x000000bc       0x90 src/PETE/LEGAL/maqVirtual.o
 .debug_frame   0x0000014c       0x94 src/PETE/uMc/AD.o
 .debug_frame   0x000001e0       0x34 src/PETE/uMc/digitalIO.o
 .debug_frame   0x00000214       0x34 src/PETE/uMc/Misc.o
 .debug_frame   0x00000248       0x24 src/PETE/uMc/motoresDc.o
 .debug_frame   0x0000026c       0x24 src/PETE/uMc/servo.o
 .debug_frame   0x00000290       0x34 src/PETE/uMc/som.o
 .debug_frame   0x000002c4      0x198 src/PETE/uMc/USART.o
 .debug_frame   0x0000045c      0x168 src/LUFA/LUFA/Drivers/USB/Class/Device/CDCClassDevice.o
 .debug_frame   0x000005c4      0x3ac src/LUFA/LUFA/Drivers/USB/Core/AVR8/EndpointStream_AVR8.o
 .debug_frame   0x00000970       0x78 src/LUFA/LUFA/Drivers/USB/Core/AVR8/Endpoint_AVR8.o
 .debug_frame   0x000009e8       0x58 src/LUFA/LUFA/Drivers/USB/Core/AVR8/USBController_AVR8.o
 .debug_frame   0x00000a40       0xe8 src/LUFA/LUFA/Drivers/USB/Core/AVR8/USBInterrupt_AVR8.o
 .debug_frame   0x00000b28       0x3c src/LUFA/LUFA/Drivers/USB/Core/DeviceStandardReq.o
 .debug_frame   0x00000b64       0x24 src/LUFA/LUFA/Drivers/USB/Core/Events.o
 .debug_frame   0x00000b88       0x2c src/LUFA/LUFA/Drivers/USB/Core/USBTask.o
 .debug_frame   0x00000bb4      0x434 uMc.o

.debug_str      0x00000000    0x1a6b6
 *(.debug_str)
 .debug_str     0x00000000    0x14ae4 Descriptors.o
                              0x14e78 (size before relaxing)
 .debug_str     0x00014ae4     0x18bc src/PETE/LEGAL/comandosAtuadores.o
                               0x9064 (size before relaxing)
 .debug_str     0x000163a0       0x4f src/PETE/LEGAL/configuracaoLEGAL.o
                               0x8a48 (size before relaxing)
 .debug_str     0x000163ef      0xa3d src/PETE/LEGAL/maqVirtual.o
                               0x9b90 (size before relaxing)
 .debug_str     0x00016e2c       0x88 src/PETE/uMc/AD.o
                               0x7fbc (size before relaxing)
 .debug_str     0x00016eb4       0x36 src/PETE/uMc/digitalIO.o
                               0x8a19 (size before relaxing)
 .debug_str     0x00016eea      0x447 src/PETE/uMc/Misc.o
                               0x9b70 (size before relaxing)
 .debug_str     0x00017331       0x1c src/PETE/uMc/motoresDc.o
                               0x7595 (size before relaxing)
 .debug_str     0x0001734d       0x18 src/PETE/uMc/servo.o
                               0x756f (size before relaxing)
 .debug_str     0x00017365       0x33 src/PETE/uMc/som.o
                               0x7973 (size before relaxing)
 .debug_str     0x00017398      0x106 src/PETE/uMc/USART.o
                               0x75c4 (size before relaxing)
 .debug_str     0x0001749e      0x814 src/LUFA/LUFA/Drivers/USB/Class/Device/CDCClassDevice.o
                              0x14cc8 (size before relaxing)
 .debug_str     0x00017cb2      0x8b1 src/LUFA/LUFA/Drivers/USB/Core/AVR8/EndpointStream_AVR8.o
                               0xf080 (size before relaxing)
 .debug_str     0x00018563      0x1c6 src/LUFA/LUFA/Drivers/USB/Core/AVR8/Endpoint_AVR8.o
                               0xe72a (size before relaxing)
 .debug_str     0x00018729      0x2ad src/LUFA/LUFA/Drivers/USB/Core/AVR8/USBController_AVR8.o
                               0xe68a (size before relaxing)
 .debug_str     0x000189d6      0x1e1 src/LUFA/LUFA/Drivers/USB/Core/AVR8/USBInterrupt_AVR8.o
                               0xe6e8 (size before relaxing)
 .debug_str     0x00018bb7      0x475 src/LUFA/LUFA/Drivers/USB/Core/DeviceStandardReq.o
                               0xeafb (size before relaxing)
 .debug_str     0x0001902c       0x53 src/LUFA/LUFA/Drivers/USB/Core/Events.o
                               0xd88f (size before relaxing)
 .debug_str     0x0001907f       0x62 src/LUFA/LUFA/Drivers/USB/Core/USBTask.o
                               0xe4a9 (size before relaxing)
 .debug_str     0x000190e1     0x15d5 uMc.o
                              0x18560 (size before relaxing)

.debug_loc      0x00000000     0x4c00
 *(.debug_loc)
 .debug_loc     0x00000000      0x186 Descriptors.o
 .debug_loc     0x00000186       0x67 src/PETE/LEGAL/comandosAtuadores.o
 .debug_loc     0x000001ed      0x136 src/PETE/LEGAL/maqVirtual.o
 .debug_loc     0x00000323      0x297 src/PETE/uMc/AD.o
 .debug_loc     0x000005ba       0x8d src/PETE/uMc/som.o
 .debug_loc     0x00000647      0x720 src/PETE/uMc/USART.o
 .debug_loc     0x00000d67      0x85b src/LUFA/LUFA/Drivers/USB/Class/Device/CDCClassDevice.o
 .debug_loc     0x000015c2     0x1d9c src/LUFA/LUFA/Drivers/USB/Core/AVR8/EndpointStream_AVR8.o
 .debug_loc     0x0000335e      0x3f2 src/LUFA/LUFA/Drivers/USB/Core/AVR8/Endpoint_AVR8.o
 .debug_loc     0x00003750       0x49 src/LUFA/LUFA/Drivers/USB/Core/AVR8/USBController_AVR8.o
 .debug_loc     0x00003799      0x333 src/LUFA/LUFA/Drivers/USB/Core/AVR8/USBInterrupt_AVR8.o
 .debug_loc     0x00003acc      0x2be src/LUFA/LUFA/Drivers/USB/Core/DeviceStandardReq.o
 .debug_loc     0x00003d8a       0x49 src/LUFA/LUFA/Drivers/USB/Core/USBTask.o
 .debug_loc     0x00003dd3      0xe2d uMc.o

.debug_macinfo
 *(.debug_macinfo)

.debug_weaknames
 *(.debug_weaknames)

.debug_funcnames
 *(.debug_funcnames)

.debug_typenames
 *(.debug_typenames)

.debug_varnames
 *(.debug_varnames)

.debug_pubtypes
 *(.debug_pubtypes)

.debug_ranges   0x00000000      0x6d8
 *(.debug_ranges)
 .debug_ranges  0x00000000       0x10 Descriptors.o
 .debug_ranges  0x00000010       0x30 src/PETE/LEGAL/comandosAtuadores.o
 .debug_ranges  0x00000040       0x18 src/PETE/LEGAL/configuracaoLEGAL.o
 .debug_ranges  0x00000058       0x38 src/PETE/LEGAL/maqVirtual.o
 .debug_ranges  0x00000090       0x48 src/PETE/uMc/AD.o
 .debug_ranges  0x000000d8       0x18 src/PETE/uMc/digitalIO.o
 .debug_ranges  0x000000f0       0x18 src/PETE/uMc/Misc.o
 .debug_ranges  0x00000108       0x10 src/PETE/uMc/motoresDc.o
 .debug_ranges  0x00000118       0x10 src/PETE/uMc/servo.o
 .debug_ranges  0x00000128       0x18 src/PETE/uMc/som.o
 .debug_ranges  0x00000140       0x70 src/PETE/uMc/USART.o
 .debug_ranges  0x000001b0       0x88 src/LUFA/LUFA/Drivers/USB/Class/Device/CDCClassDevice.o
 .debug_ranges  0x00000238      0x250 src/LUFA/LUFA/Drivers/USB/Core/AVR8/EndpointStream_AVR8.o
 .debug_ranges  0x00000488       0x90 src/LUFA/LUFA/Drivers/USB/Core/AVR8/Endpoint_AVR8.o
 .debug_ranges  0x00000518       0x20 src/LUFA/LUFA/Drivers/USB/Core/AVR8/USBController_AVR8.o
 .debug_ranges  0x00000538       0x28 src/LUFA/LUFA/Drivers/USB/Core/AVR8/USBInterrupt_AVR8.o
 .debug_ranges  0x00000560       0x28 src/LUFA/LUFA/Drivers/USB/Core/DeviceStandardReq.o
 .debug_ranges  0x00000588       0x10 src/LUFA/LUFA/Drivers/USB/Core/Events.o
 .debug_ranges  0x00000598       0x10 src/LUFA/LUFA/Drivers/USB/Core/USBTask.o
 .debug_ranges  0x000005a8      0x130 uMc.o

.debug_macro    0x00000000     0x8bb6
 *(.debug_macro)
 .debug_macro   0x00000000      0x446 Descriptors.o
 .debug_macro   0x00000446      0xa72 Descriptors.o
 .debug_macro   0x00000eb8       0x10 Descriptors.o
 .debug_macro   0x00000ec8      0x1ad Descriptors.o
 .debug_macro   0x00001075      0x293 Descriptors.o
 .debug_macro   0x00001308       0x89 Descriptors.o
 .debug_macro   0x00001391       0xaa Descriptors.o
 .debug_macro   0x0000143b     0x18ff Descriptors.o
 .debug_macro   0x00002d3a       0xe2 Descriptors.o
 .debug_macro   0x00002e1c      0x1e0 Descriptors.o
 .debug_macro   0x00002ffc       0xcb Descriptors.o
 .debug_macro   0x000030c7       0x34 Descriptors.o
 .debug_macro   0x000030fb       0x18 Descriptors.o
 .debug_macro   0x00003113       0x6c Descriptors.o
 .debug_macro   0x0000317f      0x181 Descriptors.o
 .debug_macro   0x00003300       0x12 Descriptors.o
 .debug_macro   0x00003312       0x10 Descriptors.o
 .debug_macro   0x00003322       0x22 Descriptors.o
 .debug_macro   0x00003344       0x16 Descriptors.o
 .debug_macro   0x0000335a       0x20 Descriptors.o
 .debug_macro   0x0000337a       0xef Descriptors.o
 .debug_macro   0x00003469       0x22 Descriptors.o
 .debug_macro   0x0000348b      0x199 Descriptors.o
 .debug_macro   0x00003624       0x2f Descriptors.o
 .debug_macro   0x00003653       0x1c Descriptors.o
 .debug_macro   0x0000366f       0x68 Descriptors.o
 .debug_macro   0x000036d7       0x34 Descriptors.o
 .debug_macro   0x0000370b       0x69 Descriptors.o
 .debug_macro   0x00003774       0x88 Descriptors.o
 .debug_macro   0x000037fc       0x35 Descriptors.o
 .debug_macro   0x00003831      0x10c Descriptors.o
 .debug_macro   0x0000393d      0x160 Descriptors.o
 .debug_macro   0x00003a9d      0x167 Descriptors.o
 .debug_macro   0x00003c04       0x10 Descriptors.o
 .debug_macro   0x00003c14       0x1c Descriptors.o
 .debug_macro   0x00003c30       0x86 Descriptors.o
 .debug_macro   0x00003cb6       0x3c Descriptors.o
 .debug_macro   0x00003cf2       0x20 Descriptors.o
 .debug_macro   0x00003d12       0x4d Descriptors.o
 .debug_macro   0x00003d5f       0x73 Descriptors.o
 .debug_macro   0x00003dd2       0x16 Descriptors.o
 .debug_macro   0x00003de8       0x12 Descriptors.o
 .debug_macro   0x00003dfa       0x22 Descriptors.o
 .debug_macro   0x00003e1c       0x64 Descriptors.o
 .debug_macro   0x00003e80       0x41 Descriptors.o
 .debug_macro   0x00003ec1       0x12 Descriptors.o
 .debug_macro   0x00003ed3       0x10 Descriptors.o
 .debug_macro   0x00003ee3       0x1c Descriptors.o
 .debug_macro   0x00003eff       0x16 Descriptors.o
 .debug_macro   0x00003f15       0x16 Descriptors.o
 .debug_macro   0x00003f2b      0x12c Descriptors.o
 .debug_macro   0x00004057       0x16 Descriptors.o
 .debug_macro   0x0000406d       0x46 Descriptors.o
 .debug_macro   0x000040b3       0x58 Descriptors.o
 .debug_macro   0x0000410b       0x10 Descriptors.o
 .debug_macro   0x0000411b       0x35 Descriptors.o
 .debug_macro   0x00004150       0xeb Descriptors.o
 .debug_macro   0x0000423b       0x16 Descriptors.o
 .debug_macro   0x00004251      0x154 Descriptors.o
 .debug_macro   0x000043a5       0x2a Descriptors.o
 .debug_macro   0x000043cf      0x6ce Descriptors.o
 .debug_macro   0x00004a9d       0x16 Descriptors.o
 .debug_macro   0x00004ab3      0x132 Descriptors.o
 .debug_macro   0x00004be5       0x16 Descriptors.o
 .debug_macro   0x00004bfb       0x10 Descriptors.o
 .debug_macro   0x00004c0b       0x6c Descriptors.o
 .debug_macro   0x00004c77       0x16 Descriptors.o
 .debug_macro   0x00004c8d       0x1c Descriptors.o
 .debug_macro   0x00004ca9       0x16 Descriptors.o
 .debug_macro   0x00004cbf       0x10 Descriptors.o
 .debug_macro   0x00004ccf      0x1be Descriptors.o
 .debug_macro   0x00004e8d       0x16 Descriptors.o
 .debug_macro   0x00004ea3       0x22 Descriptors.o
 .debug_macro   0x00004ec5       0xd9 src/PETE/LEGAL/comandosAtuadores.o
 .debug_macro   0x00004f9e      0x16d src/PETE/LEGAL/comandosAtuadores.o
 .debug_macro   0x0000510b      0x70c src/PETE/LEGAL/comandosAtuadores.o
 .debug_macro   0x00005817       0x76 src/PETE/LEGAL/comandosAtuadores.o
 .debug_macro   0x0000588d       0xaf src/PETE/LEGAL/configuracaoLEGAL.o
 .debug_macro   0x0000593c       0x10 src/PETE/LEGAL/configuracaoLEGAL.o
 .debug_macro   0x0000594c       0x9e src/PETE/LEGAL/configuracaoLEGAL.o
 .debug_macro   0x000059ea      0x103 src/PETE/LEGAL/maqVirtual.o
 .debug_macro   0x00005aed       0x65 src/PETE/LEGAL/maqVirtual.o
 .debug_macro   0x00005b52       0x94 src/PETE/LEGAL/maqVirtual.o
 .debug_macro   0x00005be6      0x712 src/PETE/LEGAL/maqVirtual.o
 .debug_macro   0x000062f8       0x10 src/PETE/LEGAL/maqVirtual.o
 .debug_macro   0x00006308       0xd3 src/PETE/uMc/AD.o
 .debug_macro   0x000063db       0xa5 src/PETE/uMc/digitalIO.o
 .debug_macro   0x00006480      0x12c src/PETE/uMc/Misc.o
 .debug_macro   0x000065ac       0xe2 src/PETE/uMc/Misc.o
 .debug_macro   0x0000668e       0x1c src/PETE/uMc/Misc.o
 .debug_macro   0x000066aa       0x2e src/PETE/uMc/Misc.o
 .debug_macro   0x000066d8       0x16 src/PETE/uMc/Misc.o
 .debug_macro   0x000066ee       0x70 src/PETE/uMc/Misc.o
 .debug_macro   0x0000675e       0xa5 src/PETE/uMc/motoresDc.o
 .debug_macro   0x00006803       0x70 src/PETE/uMc/motoresDc.o
 .debug_macro   0x00006873       0xa5 src/PETE/uMc/servo.o
 .debug_macro   0x00006918       0x6a src/PETE/uMc/servo.o
 .debug_macro   0x00006982       0xca src/PETE/uMc/som.o
 .debug_macro   0x00006a4c       0xa8 src/PETE/uMc/USART.o
 .debug_macro   0x00006af4      0x44f src/LUFA/LUFA/Drivers/USB/Class/Device/CDCClassDevice.o
 .debug_macro   0x00006f43      0x61b src/LUFA/LUFA/Drivers/USB/Core/AVR8/EndpointStream_AVR8.o
 .debug_macro   0x0000755e       0x28 src/LUFA/LUFA/Drivers/USB/Core/AVR8/EndpointStream_AVR8.o
 .debug_macro   0x00007586       0x1c src/LUFA/LUFA/Drivers/USB/Core/AVR8/EndpointStream_AVR8.o
 .debug_macro   0x000075a2       0x1c src/LUFA/LUFA/Drivers/USB/Core/AVR8/EndpointStream_AVR8.o
 .debug_macro   0x000075be      0x2b2 src/LUFA/LUFA/Drivers/USB/Core/AVR8/Endpoint_AVR8.o
 .debug_macro   0x00007870       0x10 src/LUFA/LUFA/Drivers/USB/Core/AVR8/Endpoint_AVR8.o
 .debug_macro   0x00007880      0x284 src/LUFA/LUFA/Drivers/USB/Core/AVR8/USBController_AVR8.o
 .debug_macro   0x00007b04       0x79 src/LUFA/LUFA/Drivers/USB/Core/AVR8/USBController_AVR8.o
 .debug_macro   0x00007b7d      0x28c src/LUFA/LUFA/Drivers/USB/Core/AVR8/USBInterrupt_AVR8.o
 .debug_macro   0x00007e09      0x28a src/LUFA/LUFA/Drivers/USB/Core/DeviceStandardReq.o
 .debug_macro   0x00008093      0x191 src/LUFA/LUFA/Drivers/USB/Core/Events.o
 .debug_macro   0x00008224      0x290 src/LUFA/LUFA/Drivers/USB/Core/USBTask.o
 .debug_macro   0x000084b4      0x588 uMc.o
 .debug_macro   0x00008a3c       0x76 uMc.o
 .debug_macro   0x00008ab2       0x9d uMc.o
 .debug_macro   0x00008b4f       0x12 uMc.o
 .debug_macro   0x00008b61       0x27 uMc.o
 .debug_macro   0x00008b88       0x2e uMc.o
OUTPUT(LUFA_PROJECTS_USB_TO_SERIAL3_6_2.elf elf32-avr)
LOAD linker stubs
